Archive member included to satisfy reference by file (symbol)

/home/test/H618-Android12-Src/longan/brandy/brandy-2.0/tools/toolchain/gcc-linaro-7.2.1-2017.11-x86_64_arm-linux-gnueabi/bin/../lib/gcc/arm-linux-gnueabi/7.2.1/libgcc.a(_udivsi3.o)
                              /home/test/H618-Android12-Src/longan/brandy/brandy-2.0/spl-pub/board/h618/libsun50iw9p1_sboot.a (__aeabi_uidiv)
/home/test/H618-Android12-Src/longan/brandy/brandy-2.0/tools/toolchain/gcc-linaro-7.2.1-2017.11-x86_64_arm-linux-gnueabi/bin/../lib/gcc/arm-linux-gnueabi/7.2.1/libgcc.a(_divsi3.o)
                              /home/test/H618-Android12-Src/longan/brandy/brandy-2.0/spl-pub/board/h618/libsun50iw9p1_sboot.a (__aeabi_idiv)
/home/test/H618-Android12-Src/longan/brandy/brandy-2.0/tools/toolchain/gcc-linaro-7.2.1-2017.11-x86_64_arm-linux-gnueabi/bin/../lib/gcc/arm-linux-gnueabi/7.2.1/libgcc.a(_aeabi_uldivmod.o)
                              /home/test/H618-Android12-Src/longan/brandy/brandy-2.0/spl-pub/board/h618/libsun50iw9p1_sboot.a (__aeabi_uldivmod)
/home/test/H618-Android12-Src/longan/brandy/brandy-2.0/tools/toolchain/gcc-linaro-7.2.1-2017.11-x86_64_arm-linux-gnueabi/bin/../lib/gcc/arm-linux-gnueabi/7.2.1/libgcc.a(_dvmd_lnx.o)
                              /home/test/H618-Android12-Src/longan/brandy/brandy-2.0/tools/toolchain/gcc-linaro-7.2.1-2017.11-x86_64_arm-linux-gnueabi/bin/../lib/gcc/arm-linux-gnueabi/7.2.1/libgcc.a(_aeabi_uldivmod.o) (__aeabi_ldiv0)
/home/test/H618-Android12-Src/longan/brandy/brandy-2.0/tools/toolchain/gcc-linaro-7.2.1-2017.11-x86_64_arm-linux-gnueabi/bin/../lib/gcc/arm-linux-gnueabi/7.2.1/libgcc.a(_udivmoddi4.o)
                              /home/test/H618-Android12-Src/longan/brandy/brandy-2.0/tools/toolchain/gcc-linaro-7.2.1-2017.11-x86_64_arm-linux-gnueabi/bin/../lib/gcc/arm-linux-gnueabi/7.2.1/libgcc.a(_aeabi_uldivmod.o) (__udivmoddi4)

Discarded input sections

 .text.__msdelay
                0x0000000000000000        0x4 /home/test/H618-Android12-Src/longan/brandy/brandy-2.0/spl-pub/board/h618/libsun50iw9p1_sboot.a
 .text.timer_init
                0x0000000000000000        0x4 /home/test/H618-Android12-Src/longan/brandy/brandy-2.0/spl-pub/board/h618/libsun50iw9p1_sboot.a
 .text.sdelay   0x0000000000000000        0x6 /home/test/H618-Android12-Src/longan/brandy/brandy-2.0/spl-pub/board/h618/libsun50iw9p1_sboot.a
 .text.timer_exit
                0x0000000000000000        0x2 /home/test/H618-Android12-Src/longan/brandy/brandy-2.0/spl-pub/board/h618/libsun50iw9p1_sboot.a
 .text.enable_smp
                0x0000000000000000        0xe /home/test/H618-Android12-Src/longan/brandy/brandy-2.0/spl-pub/board/h618/libsun50iw9p1_sboot.a
 .text.__jump_kernel
                0x0000000000000000       0x5c /home/test/H618-Android12-Src/longan/brandy/brandy-2.0/spl-pub/board/h618/libsun50iw9p1_sboot.a
 .text.boot0_jump_kernel
                0x0000000000000000        0xa /home/test/H618-Android12-Src/longan/brandy/brandy-2.0/spl-pub/board/h618/libsun50iw9p1_sboot.a
 .text.optee_jump_kernel
                0x0000000000000000        0x4 /home/test/H618-Android12-Src/longan/brandy/brandy-2.0/spl-pub/board/h618/libsun50iw9p1_sboot.a
 .text.sunxi_assert_arisc
                0x0000000000000000       0x2c /home/test/H618-Android12-Src/longan/brandy/brandy-2.0/spl-pub/board/h618/libsun50iw9p1_sboot.a
 .text.sunxi_deassert_arisc
                0x0000000000000000       0x2c /home/test/H618-Android12-Src/longan/brandy/brandy-2.0/spl-pub/board/h618/libsun50iw9p1_sboot.a
 .text.sunxi_clock_exit_key
                0x0000000000000000       0x14 /home/test/H618-Android12-Src/longan/brandy/brandy-2.0/spl-pub/board/h618/libsun50iw9p1_sboot.a
 .text.strncpy  0x0000000000000000       0x18 /home/test/H618-Android12-Src/longan/brandy/brandy-2.0/spl-pub/board/h618/libsun50iw9p1_sboot.a
 .text.strncat  0x0000000000000000       0x28 /home/test/H618-Android12-Src/longan/brandy/brandy-2.0/spl-pub/board/h618/libsun50iw9p1_sboot.a
 .text.strchr   0x0000000000000000       0x18 /home/test/H618-Android12-Src/longan/brandy/brandy-2.0/spl-pub/board/h618/libsun50iw9p1_sboot.a
 .text.strrchr  0x0000000000000000       0x20 /home/test/H618-Android12-Src/longan/brandy/brandy-2.0/spl-pub/board/h618/libsun50iw9p1_sboot.a
 .text.strnlen  0x0000000000000000       0x18 /home/test/H618-Android12-Src/longan/brandy/brandy-2.0/spl-pub/board/h618/libsun50iw9p1_sboot.a
 .text.strspn   0x0000000000000000       0x20 /home/test/H618-Android12-Src/longan/brandy/brandy-2.0/spl-pub/board/h618/libsun50iw9p1_sboot.a
 .text.memscan  0x0000000000000000       0x16 /home/test/H618-Android12-Src/longan/brandy/brandy-2.0/spl-pub/board/h618/libsun50iw9p1_sboot.a
 .text.strstr   0x0000000000000000       0x40 /home/test/H618-Android12-Src/longan/brandy/brandy-2.0/spl-pub/board/h618/libsun50iw9p1_sboot.a
 .text.vprintf  0x0000000000000000       0x1c /home/test/H618-Android12-Src/longan/brandy/brandy-2.0/spl-pub/board/h618/libsun50iw9p1_sboot.a
[...]
Memory Configuration

Name             Origin             Length             Attributes
*default*        0x0000000000000000 0xffffffffffffffff

Linker script and memory map

LOAD /home/test/H618-Android12-Src/longan/brandy/brandy-2.0/spl-pub/board/h618/libsun50iw9p1_sboot.a
LOAD /home/test/H618-Android12-Src/longan/brandy/brandy-2.0/spl-pub/sboot/main/sboot_main.o
LOAD /home/test/H618-Android12-Src/longan/brandy/brandy-2.0/tools/toolchain/gcc-linaro-7.2.1-2017.11-x86_64_arm-linux-gnueabi/bin/../lib/gcc/arm-linux-gnueabi/7.2.1/libgcc.a
                0x0000000000020480                . = 0x20480
                0x0000000000020480                . = ALIGN (0x4)

.head           0x0000000000020480      0x830
 main/sboot_head.o(.rodata)
 .rodata        0x0000000000020480      0x830 main/sboot_head.o
                0x0000000000020480                sboot_head

.text           0x0000000000020cb0      0xd84
 /home/test/H618-Android12-Src/longan/brandy/brandy-2.0/spl-pub/arch/arm/cpu/armv7/sboot_entry.o(.text)
 .text          0x0000000000020cb0       0xb0 /home/test/H618-Android12-Src/longan/brandy/brandy-2.0/spl-pub/arch/arm/cpu/armv7/sboot_entry.o
                0x0000000000020cb0                _start
 *(.text)
 .text          0x0000000000020d60      0x7a0 /home/test/H618-Android12-Src/longan/brandy/brandy-2.0/spl-pub/board/h618/libsun50iw9p1_sboot.a
                0x0000000000020d60                __v7_flush_dcache_all
                0x0000000000020dfc                v7_flush_dcache_all
                0x0000000000020e28                memset0
                0x0000000000020ee0                memcpy0
                0x0000000000021290                switch_2_secure0
                0x0000000000021298                switch_2_nonsecure0
                0x00000000000212a0                dst_mctl_random_write0
                0x0000000000021334                dst_neon_init0
                0x0000000000021354                dst_mctl_neon_cmp0
                0x00000000000213ac                dst_mctl_neon_write0
                0x000000000002142c                dst_mctl_neon_write_2data0
                0x00000000000214a8                dst_mctl_neon_copy0
 .text          0x0000000000021500      0x278 /home/test/H618-Android12-Src/longan/brandy/brandy-2.0/tools/toolchain/gcc-linaro-7.2.1-2017.11-x86_64_arm-linux-gnueabi/bin/../lib/gcc/arm-linux-gnueabi/7.2.1/libgcc.a(_udivsi3.o)
                0x0000000000021500                __udivsi3
                0x0000000000021500                __aeabi_uidiv
                0x000000000002175c                __aeabi_uidivmod
 .text          0x0000000000021778      0x2b0 /home/test/H618-Android12-Src/longan/brandy/brandy-2.0/tools/toolchain/gcc-linaro-7.2.1-2017.11-x86_64_arm-linux-gnueabi/bin/../lib/gcc/arm-linux-gnueabi/7.2.1/libgcc.a(_divsi3.o)
                0x0000000000021778                __aeabi_idiv
                0x0000000000021778                __divsi3
                0x0000000000021a0c                __aeabi_idivmod
 .text          0x0000000000021a28        0xc /home/test/H618-Android12-Src/longan/brandy/brandy-2.0/tools/toolchain/gcc-linaro-7.2.1-2017.11-x86_64_arm-linux-gnueabi/bin/../lib/gcc/arm-linux-gnueabi/7.2.1/libgcc.a(_dvmd_lnx.o)
                0x0000000000021a28                __aeabi_ldiv0
                0x0000000000021a28                __aeabi_idiv0

.glue_7         0x0000000000021a34        0x0
 .glue_7        0x0000000000021a34        0x0 linker stubs

.glue_7t        0x0000000000021a34        0x0
 .glue_7t       0x0000000000021a34        0x0 linker stubs

.vfp11_veneer   0x0000000000021a34        0x0
 .vfp11_veneer  0x0000000000021a34        0x0 linker stubs

.v4_bx          0x0000000000021a34        0x0
 .v4_bx         0x0000000000021a34        0x0 linker stubs

.text.get_sys_ticks
                0x0000000000021a34       0x14
 .text.get_sys_ticks
                0x0000000000021a34       0x14 /home/test/H618-Android12-Src/longan/brandy/brandy-2.0/spl-pub/board/h618/libsun50iw9p1_sboot.a
                0x0000000000021a34                get_sys_ticks

.text.timer_get_us
                0x0000000000021a48       0x14
 .text.timer_get_us
                0x0000000000021a48       0x14 /home/test/H618-Android12-Src/longan/brandy/brandy-2.0/spl-pub/board/h618/libsun50iw9p1_sboot.a
                0x0000000000021a48                timer_get_us

.text.udelay    0x0000000000021a5c       0x24
 .text.udelay   0x0000000000021a5c       0x24 /home/test/H618-Android12-Src/longan/brandy/brandy-2.0/spl-pub/board/h618/libsun50iw9p1_sboot.a
                0x0000000000021a5c                udelay

.text.mdelay    0x0000000000021a80        0xa
 .text.mdelay   0x0000000000021a80        0xa /home/test/H618-Android12-Src/longan/brandy/brandy-2.0/spl-pub/board/h618/libsun50iw9p1_sboot.a
                0x0000000000021a80                mdelay

.text.__usdelay
                0x0000000000021a8a        0x4
 .text.__usdelay
                0x0000000000021a8a        0x4 /home/test/H618-Android12-Src/longan/brandy/brandy-2.0/spl-pub/board/h618/libsun50iw9p1_sboot.a
                0x0000000000021a8a                __usdelay

.text.mmu_enable
                0x0000000000021a8e       0x8c
 .text.mmu_enable
                0x0000000000021a8e       0x8c /home/test/H618-Android12-Src/longan/brandy/brandy-2.0/spl-pub/board/h618/libsun50iw9p1_sboot.a
                0x0000000000021a8e                mmu_enable

.text.mmu_disable
                0x0000000000021b1a       0x30
 .text.mmu_disable
                0x0000000000021b1a       0x30 /home/test/H618-Android12-Src/longan/brandy/brandy-2.0/spl-pub/board/h618/libsun50iw9p1_sboot.a
                0x0000000000021b1a                mmu_disable

.text.data_sync_barrier
                0x0000000000021b4a        0xa
 .text.data_sync_barrier
                0x0000000000021b4a        0xa /home/test/H618-Android12-Src/longan/brandy/brandy-2.0/spl-pub/board/h618/libsun50iw9p1_sboot.a
                0x0000000000021b4a                data_sync_barrier

.text.neon_enable
                0x0000000000021b54       0x2c
 .text.neon_enable
                0x0000000000021b54       0x2c /home/test/H618-Android12-Src/longan/brandy/brandy-2.0/spl-pub/board/h618/libsun50iw9p1_sboot.a
                0x0000000000021b54                neon_enable

.text.invalidate_dcache_range
                0x0000000000021b80        0x2
 .text.invalidate_dcache_range
                0x0000000000021b80        0x2 /home/test/H618-Android12-Src/longan/brandy/brandy-2.0/spl-pub/board/h618/libsun50iw9p1_sboot.a
                0x0000000000021b80                invalidate_dcache_range

.text.flush_dcache_range
                0x0000000000021b82        0x2
 .text.flush_dcache_range
                0x0000000000021b82        0x2 /home/test/H618-Android12-Src/longan/brandy/brandy-2.0/spl-pub/board/h618/libsun50iw9p1_sboot.a
                0x0000000000021b82                flush_dcache_range

.text.boot0_jmp
                0x0000000000021b84        0xc
 .text.boot0_jmp
                0x0000000000021b84        0xc /home/test/H618-Android12-Src/longan/brandy/brandy-2.0/spl-pub/board/h618/libsun50iw9p1_sboot.a
                0x0000000000021b84                boot0_jmp

.text.boot0_jmp_optee
                0x0000000000021b90        0xc
 .text.boot0_jmp_optee
                0x0000000000021b90        0xc /home/test/H618-Android12-Src/longan/brandy/brandy-2.0/spl-pub/board/h618/libsun50iw9p1_sboot.a
                0x0000000000021b90                boot0_jmp_optee

.text.boot0_jmp_monitor
                0x0000000000021b9c       0x58
 .text.boot0_jmp_monitor
                0x0000000000021b9c       0x58 /home/test/H618-Android12-Src/longan/brandy/brandy-2.0/spl-pub/board/h618/libsun50iw9p1_sboot.a
                0x0000000000021b9c                boot0_jmp_monitor

.text.boot0_jmp_opensbi
                0x0000000000021bf4        0x4
 .text.boot0_jmp_opensbi
                0x0000000000021bf4        0x4 /home/test/H618-Android12-Src/longan/brandy/brandy-2.0/spl-pub/board/h618/libsun50iw9p1_sboot.a
                0x0000000000021bf4                boot0_jmp_opensbi

.text.set_cpu_down
                0x0000000000021bf8       0x44
 .text.set_cpu_down
                0x0000000000021bf8       0x44 /home/test/H618-Android12-Src/longan/brandy/brandy-2.0/spl-pub/board/h618/libsun50iw9p1_sboot.a

.text.sunxi_board_init
                0x0000000000021c3c       0xd4
 .text.sunxi_board_init
                0x0000000000021c3c       0xd4 /home/test/H618-Android12-Src/longan/brandy/brandy-2.0/spl-pub/board/h618/libsun50iw9p1_sboot.a
                0x0000000000021c3c                sunxi_board_init

.text.sunxi_board_exit
                0x0000000000021d10        0x4
 .text.sunxi_board_exit
                0x0000000000021d10        0x4 /home/test/H618-Android12-Src/longan/brandy/brandy-2.0/spl-pub/board/h618/libsun50iw9p1_sboot.a
                0x0000000000021d10                sunxi_board_exit

.text.sunxi_key_provision
                0x0000000000021d14       0x50
 .text.sunxi_key_provision
                0x0000000000021d14       0x50 /home/test/H618-Android12-Src/longan/brandy/brandy-2.0/spl-pub/board/h618/libsun50iw9p1_sboot.a
                0x0000000000021d14                sunxi_key_provision

.text.sunxi_board_late_init
                0x0000000000021d64       0x68
 .text.sunxi_board_late_init
                0x0000000000021d64       0x68 /home/test/H618-Android12-Src/longan/brandy/brandy-2.0/spl-pub/board/h618/libsun50iw9p1_sboot.a
                0x0000000000021d64                sunxi_board_late_init

.text.sunxi_board_pll_init
                0x0000000000021dcc      0x26c
 .text.sunxi_board_pll_init
                0x0000000000021dcc      0x26c /home/test/H618-Android12-Src/longan/brandy/brandy-2.0/spl-pub/board/h618/libsun50iw9p1_sboot.a
                0x0000000000021dcc                sunxi_board_pll_init

.text.sunxi_board_clock_reset
                0x0000000000022038       0x28
 .text.sunxi_board_clock_reset
                0x0000000000022038       0x28 /home/test/H618-Android12-Src/longan/brandy/brandy-2.0/spl-pub/board/h618/libsun50iw9p1_sboot.a
                0x0000000000022038                sunxi_board_clock_reset

.text.sunxi_clock_init_key
                0x0000000000022060       0x28
 .text.sunxi_clock_init_key
                0x0000000000022060       0x28 /home/test/H618-Android12-Src/longan/brandy/brandy-2.0/spl-pub/board/h618/libsun50iw9p1_sboot.a
                0x0000000000022060                sunxi_clock_init_key

.text.sunxi_clock_init_gpadc
                0x0000000000022088        0x4
 .text.sunxi_clock_init_gpadc
                0x0000000000022088        0x4 /home/test/H618-Android12-Src/longan/brandy/brandy-2.0/spl-pub/board/h618/libsun50iw9p1_sboot.a
                0x0000000000022088                sunxi_clock_init_gpadc

.text.sunxi_clock_init_uart
                0x000000000002208c       0x30
 .text.sunxi_clock_init_uart
                0x000000000002208c       0x30 /home/test/H618-Android12-Src/longan/brandy/brandy-2.0/spl-pub/board/h618/libsun50iw9p1_sboot.a
                0x000000000002208c                sunxi_clock_init_uart

.text.strcpy    0x00000000000220bc       0x10
 .text.strcpy   0x00000000000220bc       0x10 /home/test/H618-Android12-Src/longan/brandy/brandy-2.0/spl-pub/board/h618/libsun50iw9p1_sboot.a
                0x00000000000220bc                strcpy

.text.strcat    0x00000000000220cc       0x1e
 .text.strcat   0x00000000000220cc       0x1e /home/test/H618-Android12-Src/longan/brandy/brandy-2.0/spl-pub/board/h618/libsun50iw9p1_sboot.a
                0x00000000000220cc                strcat

.text.strcmp    0x00000000000220ea       0x16
 .text.strcmp   0x00000000000220ea       0x16 /home/test/H618-Android12-Src/longan/brandy/brandy-2.0/spl-pub/board/h618/libsun50iw9p1_sboot.a
                0x00000000000220ea                strcmp

.text.strncmp   0x0000000000022100       0x22
 .text.strncmp  0x0000000000022100       0x22 /home/test/H618-Android12-Src/longan/brandy/brandy-2.0/spl-pub/board/h618/libsun50iw9p1_sboot.a
                0x0000000000022100                strncmp

.text.strlen    0x0000000000022122       0x10
 .text.strlen   0x0000000000022122       0x10 /home/test/H618-Android12-Src/longan/brandy/brandy-2.0/spl-pub/board/h618/libsun50iw9p1_sboot.a
                0x0000000000022122                strlen

.text.memset    0x0000000000022134        0xc
 .text.memset   0x0000000000022134        0xc /home/test/H618-Android12-Src/longan/brandy/brandy-2.0/spl-pub/board/h618/libsun50iw9p1_sboot.a
                0x0000000000022134                memset

.text.memcpy    0x0000000000022140        0xc
 .text.memcpy   0x0000000000022140        0xc /home/test/H618-Android12-Src/longan/brandy/brandy-2.0/spl-pub/board/h618/libsun50iw9p1_sboot.a
                0x0000000000022140                memcpy

.text.memcmp    0x000000000002214c       0x1e
 .text.memcmp   0x000000000002214c       0x1e /home/test/H618-Android12-Src/longan/brandy/brandy-2.0/spl-pub/board/h618/libsun50iw9p1_sboot.a
                0x000000000002214c                memcmp

.text.memchr    0x000000000002216a       0x1c
 .text.memchr   0x000000000002216a       0x1c /home/test/H618-Android12-Src/longan/brandy/brandy-2.0/spl-pub/board/h618/libsun50iw9p1_sboot.a
                0x000000000002216a                memchr

.text.putc_outstr
                0x0000000000022186        0xa
 .text.putc_outstr
                0x0000000000022186        0xa /home/test/H618-Android12-Src/longan/brandy/brandy-2.0/spl-pub/board/h618/libsun50iw9p1_sboot.a

.text.putc_normal
                0x0000000000022190        0x6
 .text.putc_normal
                0x0000000000022190        0x6 /home/test/H618-Android12-Src/longan/brandy/brandy-2.0/spl-pub/board/h618/libsun50iw9p1_sboot.a

.text.div_out   0x0000000000022196       0x32
 .text.div_out  0x0000000000022196       0x32 /home/test/H618-Android12-Src/longan/brandy/brandy-2.0/spl-pub/board/h618/libsun50iw9p1_sboot.a

.text._vprintf  0x00000000000221c8      0x1e4
 .text._vprintf
                0x00000000000221c8      0x1e4 /home/test/H618-Android12-Src/longan/brandy/brandy-2.0/spl-pub/board/h618/libsun50iw9p1_sboot.a

.text.sunxi_set_printf_debug_mode
                0x00000000000223ac       0x28
 .text.sunxi_set_printf_debug_mode
                0x00000000000223ac       0x28 /home/test/H618-Android12-Src/longan/brandy/brandy-2.0/spl-pub/board/h618/libsun50iw9p1_sboot.a
                0x00000000000223ac                sunxi_set_printf_debug_mode

.text.sunxi_get_printf_debug_mode
                0x00000000000223d4        0xc
 .text.sunxi_get_printf_debug_mode
                0x00000000000223d4        0xc /home/test/H618-Android12-Src/longan/brandy/brandy-2.0/spl-pub/board/h618/libsun50iw9p1_sboot.a
                0x00000000000223d4                sunxi_get_printf_debug_mode

.text.sunxi_get_debug_mode_for_uboot
                0x00000000000223e0       0x18
 .text.sunxi_get_debug_mode_for_uboot
                0x00000000000223e0       0x18 /home/test/H618-Android12-Src/longan/brandy/brandy-2.0/spl-pub/board/h618/libsun50iw9p1_sboot.a
                0x00000000000223e0                sunxi_get_debug_mode_for_uboot

.text.sprintf   0x00000000000223f8       0x2c
 .text.sprintf  0x00000000000223f8       0x2c /home/test/H618-Android12-Src/longan/brandy/brandy-2.0/spl-pub/board/h618/libsun50iw9p1_sboot.a
                0x00000000000223f8                sprintf

.text.printf    0x0000000000022424       0x54
 .text.printf   0x0000000000022424       0x54 /home/test/H618-Android12-Src/longan/brandy/brandy-2.0/spl-pub/board/h618/libsun50iw9p1_sboot.a
                0x0000000000022424                printf

.text.snprintf  0x0000000000022478       0x2c
 .text.snprintf
                0x0000000000022478       0x2c /home/test/H618-Android12-Src/longan/brandy/brandy-2.0/spl-pub/board/h618/libsun50iw9p1_sboot.a
                0x0000000000022478                snprintf

.text.verify_addsum
                0x00000000000224a4       0x60
 .text.verify_addsum
                0x00000000000224a4       0x60 /home/test/H618-Android12-Src/longan/brandy/brandy-2.0/spl-pub/board/h618/libsun50iw9p1_sboot.a
                0x00000000000224a4                verify_addsum

.text.g_mod     0x0000000000022504       0x22
 .text.g_mod    0x0000000000022504       0x22 /home/test/H618-Android12-Src/longan/brandy/brandy-2.0/spl-pub/board/h618/libsun50iw9p1_sboot.a
                0x0000000000022504                g_mod

.text.get_page_buf
                0x0000000000022528        0x8
 .text.get_page_buf
                0x0000000000022528        0x8 /home/test/H618-Android12-Src/longan/brandy/brandy-2.0/spl-pub/board/h618/libsun50iw9p1_sboot.a
                0x0000000000022528                get_page_buf

.text.get_uart_input
                0x0000000000022530       0x24
 .text.get_uart_input
                0x0000000000022530       0x24 /home/test/H618-Android12-Src/longan/brandy/brandy-2.0/spl-pub/board/h618/libsun50iw9p1_sboot.a
                0x0000000000022530                get_uart_input

.text.set_uboot_func_mask
                0x0000000000022554       0x10
 .text.set_uboot_func_mask
                0x0000000000022554       0x10 /home/test/H618-Android12-Src/longan/brandy/brandy-2.0/spl-pub/board/h618/libsun50iw9p1_sboot.a
                0x0000000000022554                set_uboot_func_mask

.text.get_uboot_func_mask
                0x0000000000022564        0xc
 .text.get_uboot_func_mask
                0x0000000000022564        0xc /home/test/H618-Android12-Src/longan/brandy/brandy-2.0/spl-pub/board/h618/libsun50iw9p1_sboot.a
                0x0000000000022564                get_uboot_func_mask

.text.sunxi_board_init_early
                0x0000000000022570        0x4
 .text.sunxi_board_init_early
                0x0000000000022570        0x4 /home/test/H618-Android12-Src/longan/brandy/brandy-2.0/spl-pub/board/h618/libsun50iw9p1_sboot.a
                0x0000000000022570                sunxi_board_init_early

.text.raise     0x0000000000022574        0x4
 .text.raise    0x0000000000022574        0x4 /home/test/H618-Android12-Src/longan/brandy/brandy-2.0/spl-pub/board/h618/libsun50iw9p1_sboot.a
                0x0000000000022574                raise

.text.malloc_init
                0x0000000000022578       0x1c
 .text.malloc_init
                0x0000000000022578       0x1c /home/test/H618-Android12-Src/longan/brandy/brandy-2.0/spl-pub/board/h618/libsun50iw9p1_sboot.a
                0x0000000000022578                malloc_init

.text.malloc    0x0000000000022594       0x4c
 .text.malloc   0x0000000000022594       0x4c /home/test/H618-Android12-Src/longan/brandy/brandy-2.0/spl-pub/board/h618/libsun50iw9p1_sboot.a
                0x0000000000022594                malloc

.text.realloc   0x00000000000225e0       0x6c
 .text.realloc  0x00000000000225e0       0x6c /home/test/H618-Android12-Src/longan/brandy/brandy-2.0/spl-pub/board/h618/libsun50iw9p1_sboot.a
                0x00000000000225e0                realloc

.text.free      0x000000000002264c       0x20
 .text.free     0x000000000002264c       0x20 /home/test/H618-Android12-Src/longan/brandy/brandy-2.0/spl-pub/board/h618/libsun50iw9p1_sboot.a
                0x000000000002264c                free

.text.sunxi_get_iobase
                0x000000000002266c        0x2
 .text.sunxi_get_iobase
                0x000000000002266c        0x2 /home/test/H618-Android12-Src/longan/brandy/brandy-2.0/spl-pub/board/h618/libsun50iw9p1_sboot.a
                0x000000000002266c                sunxi_get_iobase

.text.ndump     0x0000000000022670       0x6c
 .text.ndump    0x0000000000022670       0x6c /home/test/H618-Android12-Src/longan/brandy/brandy-2.0/spl-pub/board/h618/libsun50iw9p1_sboot.a
                0x0000000000022670                ndump

.text.sunxi_serial_init
                0x00000000000226dc       0x54
 .text.sunxi_serial_init
                0x00000000000226dc       0x54 /home/test/H618-Android12-Src/longan/brandy/brandy-2.0/spl-pub/board/h618/libsun50iw9p1_sboot.a
                0x00000000000226dc                sunxi_serial_init

.text.sunxi_serial_putc
                0x0000000000022730       0x14
 .text.sunxi_serial_putc
                0x0000000000022730       0x14 /home/test/H618-Android12-Src/longan/brandy/brandy-2.0/spl-pub/board/h618/libsun50iw9p1_sboot.a
                0x0000000000022730                sunxi_serial_putc

.text.sunxi_serial_getc
                0x0000000000022744       0x14
 .text.sunxi_serial_getc
                0x0000000000022744       0x14 /home/test/H618-Android12-Src/longan/brandy/brandy-2.0/spl-pub/board/h618/libsun50iw9p1_sboot.a
                0x0000000000022744                sunxi_serial_getc

.text.sunxi_serial_tstc
                0x0000000000022758       0x10
 .text.sunxi_serial_tstc
                0x0000000000022758       0x10 /home/test/H618-Android12-Src/longan/brandy/brandy-2.0/spl-pub/board/h618/libsun50iw9p1_sboot.a
                0x0000000000022758                sunxi_serial_tstc

.text.boot_set_gpio
                0x0000000000022768      0x2e8
 .text.boot_set_gpio
                0x0000000000022768      0x2e8 /home/test/H618-Android12-Src/longan/brandy/brandy-2.0/spl-pub/board/h618/libsun50iw9p1_sboot.a
                0x0000000000022768                boot_set_gpio

.text.rtc_write_data
                0x0000000000022a50       0x18
 .text.rtc_write_data
                0x0000000000022a50       0x18 /home/test/H618-Android12-Src/longan/brandy/brandy-2.0/spl-pub/board/h618/libsun50iw9p1_sboot.a
                0x0000000000022a50                rtc_write_data

.text.rtc_read_data
                0x0000000000022a68       0x14
 .text.rtc_read_data
                0x0000000000022a68       0x14 /home/test/H618-Android12-Src/longan/brandy/brandy-2.0/spl-pub/board/h618/libsun50iw9p1_sboot.a
                0x0000000000022a68                rtc_read_data

.text.rtc_probe_fel_flag
                0x0000000000022a7c       0x78
 .text.rtc_probe_fel_flag
                0x0000000000022a7c       0x78 /home/test/H618-Android12-Src/longan/brandy/brandy-2.0/spl-pub/board/h618/libsun50iw9p1_sboot.a
                0x0000000000022a7c                rtc_probe_fel_flag

.text.rtc_clear_fel_flag
                0x0000000000022af4       0x1a
 .text.rtc_clear_fel_flag
                0x0000000000022af4       0x1a /home/test/H618-Android12-Src/longan/brandy/brandy-2.0/spl-pub/board/h618/libsun50iw9p1_sboot.a
                0x0000000000022af4                rtc_clear_fel_flag

.text.rtc_set_hash_entry
                0x0000000000022b0e       0x1c
 .text.rtc_set_hash_entry
                0x0000000000022b0e       0x1c /home/test/H618-Android12-Src/longan/brandy/brandy-2.0/spl-pub/board/h618/libsun50iw9p1_sboot.a
                0x0000000000022b0e                rtc_set_hash_entry

.text.i2c_sendbyteaddr
                0x0000000000022b2c       0x38
 .text.i2c_sendbyteaddr
                0x0000000000022b2c       0x38 /home/test/H618-Android12-Src/longan/brandy/brandy-2.0/spl-pub/board/h618/libsun50iw9p1_sboot.a

.text.i2c_sendstart
                0x0000000000022b64       0x40
 .text.i2c_sendstart
                0x0000000000022b64       0x40 /home/test/H618-Android12-Src/longan/brandy/brandy-2.0/spl-pub/board/h618/libsun50iw9p1_sboot.a

.text.i2c_sendslaveaddr
                0x0000000000022ba4       0x4c
 .text.i2c_sendslaveaddr
                0x0000000000022ba4       0x4c /home/test/H618-Android12-Src/longan/brandy/brandy-2.0/spl-pub/board/h618/libsun50iw9p1_sboot.a

.text.i2c_stop  0x0000000000022bf0       0x4c
 .text.i2c_stop
                0x0000000000022bf0       0x4c /home/test/H618-Android12-Src/longan/brandy/brandy-2.0/spl-pub/board/h618/libsun50iw9p1_sboot.a

.text.i2c_read  0x0000000000022c3c      0x15c
 .text.i2c_read
                0x0000000000022c3c      0x15c /home/test/H618-Android12-Src/longan/brandy/brandy-2.0/spl-pub/board/h618/libsun50iw9p1_sboot.a
                0x0000000000022c3c                i2c_read

.text.i2c_write
                0x0000000000022d98       0xb0
 .text.i2c_write
                0x0000000000022d98       0xb0 /home/test/H618-Android12-Src/longan/brandy/brandy-2.0/spl-pub/board/h618/libsun50iw9p1_sboot.a
                0x0000000000022d98                i2c_write

.text.i2c_set_clock
                0x0000000000022e48       0xdc
 .text.i2c_set_clock
                0x0000000000022e48       0xdc /home/test/H618-Android12-Src/longan/brandy/brandy-2.0/spl-pub/board/h618/libsun50iw9p1_sboot.a
                0x0000000000022e48                i2c_set_clock

.text.get_i2c_gpio
                0x0000000000022f24       0x1c
 .text.get_i2c_gpio
                0x0000000000022f24       0x1c /home/test/H618-Android12-Src/longan/brandy/brandy-2.0/spl-pub/board/h618/libsun50iw9p1_sboot.a
                0x0000000000022f24                get_i2c_gpio

.text.i2c_init  0x0000000000022f40       0x98
 .text.i2c_init
                0x0000000000022f40       0x98 /home/test/H618-Android12-Src/longan/brandy/brandy-2.0/spl-pub/board/h618/libsun50iw9p1_sboot.a
                0x0000000000022f40                i2c_init

.text.i2c_init_cpus
                0x0000000000022fd8       0x38
 .text.i2c_init_cpus
                0x0000000000022fd8       0x38 /home/test/H618-Android12-Src/longan/brandy/brandy-2.0/spl-pub/board/h618/libsun50iw9p1_sboot.a
                0x0000000000022fd8                i2c_init_cpus

.text.pmic_bus_init
                0x0000000000023010        0xa
 .text.pmic_bus_init
                0x0000000000023010        0xa /home/test/H618-Android12-Src/longan/brandy/brandy-2.0/spl-pub/board/h618/libsun50iw9p1_sboot.a
                0x0000000000023010                pmic_bus_init

.text.pmic_bus_read
                0x000000000002301a       0x14
 .text.pmic_bus_read
                0x000000000002301a       0x14 /home/test/H618-Android12-Src/longan/brandy/brandy-2.0/spl-pub/board/h618/libsun50iw9p1_sboot.a
                0x000000000002301a                pmic_bus_read

.text.pmic_bus_write
                0x000000000002302e       0x18
 .text.pmic_bus_write
                0x000000000002302e       0x18 /home/test/H618-Android12-Src/longan/brandy/brandy-2.0/spl-pub/board/h618/libsun50iw9p1_sboot.a
                0x000000000002302e                pmic_bus_write

.text.super_standby_mode
                0x0000000000023048       0x10
 .text.super_standby_mode
                0x0000000000023048       0x10 /home/test/H618-Android12-Src/longan/brandy/brandy-2.0/spl-pub/board/h618/libsun50iw9p1_sboot.a
                0x0000000000023048                super_standby_mode

.text.handler_super_standby
                0x0000000000023058       0xfe
 .text.handler_super_standby
                0x0000000000023058       0xfe /home/test/H618-Android12-Src/longan/brandy/brandy-2.0/spl-pub/board/h618/libsun50iw9p1_sboot.a
                0x0000000000023058                handler_super_standby

.text.wdt_stop  0x0000000000023158       0x10
 .text.wdt_stop
                0x0000000000023158       0x10 /home/test/H618-Android12-Src/longan/brandy/brandy-2.0/spl-pub/board/h618/libsun50iw9p1_sboot.a
                0x0000000000023158                wdt_stop

.text.wdt_start
                0x0000000000023168       0x2c
 .text.wdt_start
                0x0000000000023168       0x2c /home/test/H618-Android12-Src/longan/brandy/brandy-2.0/spl-pub/board/h618/libsun50iw9p1_sboot.a
                0x0000000000023168                wdt_start

.text.sunxi_gpadc_init
                0x0000000000023194       0x40
 .text.sunxi_gpadc_init
                0x0000000000023194       0x40 /home/test/H618-Android12-Src/longan/brandy/brandy-2.0/spl-pub/board/h618/libsun50iw9p1_sboot.a
                0x0000000000023194                sunxi_gpadc_init

.text.sunxi_read_gpadc
                0x00000000000231d4       0x3c
 .text.sunxi_read_gpadc
                0x00000000000231d4       0x3c /home/test/H618-Android12-Src/longan/brandy/brandy-2.0/spl-pub/board/h618/libsun50iw9p1_sboot.a
                0x00000000000231d4                sunxi_read_gpadc

.text.sunxi_read_gpadc_vol
                0x0000000000023210       0x74
 .text.sunxi_read_gpadc_vol
                0x0000000000023210       0x74 /home/test/H618-Android12-Src/longan/brandy/brandy-2.0/spl-pub/board/h618/libsun50iw9p1_sboot.a
                0x0000000000023210                sunxi_read_gpadc_vol

.text.get_boot_dram_training_enable_flag
                0x0000000000023284        0x8
 .text.get_boot_dram_training_enable_flag
                0x0000000000023284        0x8 /home/test/H618-Android12-Src/longan/brandy/brandy-2.0/spl-pub/board/h618/libsun50iw9p1_sboot.a
                0x0000000000023284                get_boot_dram_training_enable_flag

.text.sunxi_dram_handle
                0x000000000002328c      0x1c0
 .text.sunxi_dram_handle
                0x000000000002328c      0x1c0 /home/test/H618-Android12-Src/longan/brandy/brandy-2.0/spl-pub/board/h618/libsun50iw9p1_sboot.a
                0x000000000002328c                sunxi_dram_handle

.text.sunxi_dram_soft_train
                0x000000000002344c        0xc
 .text.sunxi_dram_soft_train
                0x000000000002344c        0xc /home/test/H618-Android12-Src/longan/brandy/brandy-2.0/spl-pub/board/h618/libsun50iw9p1_sboot.a
                0x000000000002344c                sunxi_dram_soft_train

.text.crc_16    0x0000000000023458       0x22
 .text.crc_16   0x0000000000023458       0x22 /home/test/H618-Android12-Src/longan/brandy/brandy-2.0/spl-pub/board/h618/libsun50iw9p1_sboot.a
                0x0000000000023458                crc_16

.text.disturb_coding
                0x000000000002347a       0x12
 .text.disturb_coding
                0x000000000002347a       0x12 /home/test/H618-Android12-Src/longan/brandy/brandy-2.0/spl-pub/board/h618/libsun50iw9p1_sboot.a
                0x000000000002347a                disturb_coding

.text.id_judge_fun
                0x000000000002348c       0x88
 .text.id_judge_fun
                0x000000000002348c       0x88 /home/test/H618-Android12-Src/longan/brandy/brandy-2.0/spl-pub/board/h618/libsun50iw9p1_sboot.a
                0x000000000002348c                id_judge_fun

.text.switch_2_secure
                0x0000000000023514        0xc
 .text.switch_2_secure
                0x0000000000023514        0xc /home/test/H618-Android12-Src/longan/brandy/brandy-2.0/spl-pub/board/h618/libsun50iw9p1_sboot.a
                0x0000000000023514                switch_2_secure

.text.switch_2_nonsecure
                0x0000000000023520        0xc
 .text.switch_2_nonsecure
                0x0000000000023520        0xc /home/test/H618-Android12-Src/longan/brandy/brandy-2.0/spl-pub/board/h618/libsun50iw9p1_sboot.a
                0x0000000000023520                switch_2_nonsecure

.text.dst_neon_init
                0x000000000002352c        0xc
 .text.dst_neon_init
                0x000000000002352c        0xc /home/test/H618-Android12-Src/longan/brandy/brandy-2.0/spl-pub/board/h618/libsun50iw9p1_sboot.a
                0x000000000002352c                dst_neon_init

.text.dst_mctl_neon_cmp
                0x0000000000023538        0xc
 .text.dst_mctl_neon_cmp
                0x0000000000023538        0xc /home/test/H618-Android12-Src/longan/brandy/brandy-2.0/spl-pub/board/h618/libsun50iw9p1_sboot.a
                0x0000000000023538                dst_mctl_neon_cmp

.text.dst_mctl_neon_write
                0x0000000000023544        0xc
 .text.dst_mctl_neon_write
                0x0000000000023544        0xc /home/test/H618-Android12-Src/longan/brandy/brandy-2.0/spl-pub/board/h618/libsun50iw9p1_sboot.a
                0x0000000000023544                dst_mctl_neon_write

.text.dst_mctl_neon_write_2data
                0x0000000000023550        0xc
 .text.dst_mctl_neon_write_2data
                0x0000000000023550        0xc /home/test/H618-Android12-Src/longan/brandy/brandy-2.0/spl-pub/board/h618/libsun50iw9p1_sboot.a
                0x0000000000023550                dst_mctl_neon_write_2data

.text.dst_mctl_neon_copy
                0x000000000002355c        0xc
 .text.dst_mctl_neon_copy
                0x000000000002355c        0xc /home/test/H618-Android12-Src/longan/brandy/brandy-2.0/spl-pub/board/h618/libsun50iw9p1_sboot.a
                0x000000000002355c                dst_mctl_neon_copy

.text.dst_mem_cmp
                0x0000000000023568       0x22
 .text.dst_mem_cmp
                0x0000000000023568       0x22 /home/test/H618-Android12-Src/longan/brandy/brandy-2.0/spl-pub/board/h618/libsun50iw9p1_sboot.a
                0x0000000000023568                dst_mem_cmp

.text.dramc_memtester_dma_test
                0x000000000002358c      0x18c
 .text.dramc_memtester_dma_test
                0x000000000002358c      0x18c /home/test/H618-Android12-Src/longan/brandy/brandy-2.0/spl-pub/board/h618/libsun50iw9p1_sboot.a
                0x000000000002358c                dramc_memtester_dma_test

.text.dst_read_cmp
                0x0000000000023718       0x50
 .text.dst_read_cmp
                0x0000000000023718       0x50 /home/test/H618-Android12-Src/longan/brandy/brandy-2.0/spl-pub/board/h618/libsun50iw9p1_sboot.a
                0x0000000000023718                dst_read_cmp

.text.dst_dq_eye_scan
                0x0000000000023768      0xebc
 .text.dst_dq_eye_scan
                0x0000000000023768      0xebc /home/test/H618-Android12-Src/longan/brandy/brandy-2.0/spl-pub/board/h618/libsun50iw9p1_sboot.a
                0x0000000000023768                dst_dq_eye_scan

.text.dst_from_none
                0x0000000000024624       0xf0
 .text.dst_from_none
                0x0000000000024624       0xf0 /home/test/H618-Android12-Src/longan/brandy/brandy-2.0/spl-pub/board/h618/libsun50iw9p1_sboot.a
                0x0000000000024624                dst_from_none

.text.auto_cal_timing
                0x0000000000024714       0x24
 .text.auto_cal_timing
                0x0000000000024714       0x24 /home/test/H618-Android12-Src/longan/brandy/brandy-2.0/spl-pub/board/h618/libsun50iw9p1_sboot.a
                0x0000000000024714                auto_cal_timing

.text.dramc_simple_wr_test
                0x0000000000024738       0x8c
 .text.dramc_simple_wr_test
                0x0000000000024738       0x8c /home/test/H618-Android12-Src/longan/brandy/brandy-2.0/spl-pub/board/h618/libsun50iw9p1_sboot.a
                0x0000000000024738                dramc_simple_wr_test

.text.DRAMC_get_dram_size
                0x00000000000247c4       0x4c
 .text.DRAMC_get_dram_size
                0x00000000000247c4       0x4c /home/test/H618-Android12-Src/longan/brandy/brandy-2.0/spl-pub/board/h618/libsun50iw9p1_sboot.a
                0x00000000000247c4                DRAMC_get_dram_size

.text.set_master_priority
                0x0000000000024810      0x128
 .text.set_master_priority
                0x0000000000024810      0x128 /home/test/H618-Android12-Src/longan/brandy/brandy-2.0/spl-pub/board/h618/libsun50iw9p1_sboot.a
                0x0000000000024810                set_master_priority

.text.Wait_time_config
                0x0000000000024938       0x14
 .text.Wait_time_config
                0x0000000000024938       0x14 /home/test/H618-Android12-Src/longan/brandy/brandy-2.0/spl-pub/board/h618/libsun50iw9p1_sboot.a
                0x0000000000024938                Wait_time_config

.text.dram_vol_set
                0x000000000002494c       0x70
 .text.dram_vol_set
                0x000000000002494c       0x70 /home/test/H618-Android12-Src/longan/brandy/brandy-2.0/spl-pub/board/h618/libsun50iw9p1_sboot.a
                0x000000000002494c                dram_vol_set

.text.ccm_set_pll_ddr0_sscg
                0x00000000000249bc       0x5c
 .text.ccm_set_pll_ddr0_sscg
                0x00000000000249bc       0x5c /home/test/H618-Android12-Src/longan/brandy/brandy-2.0/spl-pub/board/h618/libsun50iw9p1_sboot.a
                0x00000000000249bc                ccm_set_pll_ddr0_sscg

.text._ccm_set_pll_ddr_clk
                0x0000000000024a18       0x44
 .text._ccm_set_pll_ddr_clk
                0x0000000000024a18       0x44 /home/test/H618-Android12-Src/longan/brandy/brandy-2.0/spl-pub/board/h618/libsun50iw9p1_sboot.a
                0x0000000000024a18                _ccm_set_pll_ddr_clk

.text.mctl_dfi_init
                0x0000000000024a5c      0x2f4
 .text.mctl_dfi_init
                0x0000000000024a5c      0x2f4 /home/test/H618-Android12-Src/longan/brandy/brandy-2.0/spl-pub/board/h618/libsun50iw9p1_sboot.a
                0x0000000000024a5c                mctl_dfi_init

.text.mctl_phy_vref_config
                0x0000000000024d50       0x48
 .text.mctl_phy_vref_config
                0x0000000000024d50       0x48 /home/test/H618-Android12-Src/longan/brandy/brandy-2.0/spl-pub/board/h618/libsun50iw9p1_sboot.a
                0x0000000000024d50                mctl_phy_vref_config

.text.mctl_drive_odt_config
                0x0000000000024d98      0x180
 .text.mctl_drive_odt_config
                0x0000000000024d98      0x180 /home/test/H618-Android12-Src/longan/brandy/brandy-2.0/spl-pub/board/h618/libsun50iw9p1_sboot.a
                0x0000000000024d98                mctl_drive_odt_config

.text.mctl_phy_ca_bit_delay_compensation
                0x0000000000024f18      0x188
 .text.mctl_phy_ca_bit_delay_compensation
                0x0000000000024f18      0x188 /home/test/H618-Android12-Src/longan/brandy/brandy-2.0/spl-pub/board/h618/libsun50iw9p1_sboot.a
                0x0000000000024f18                mctl_phy_ca_bit_delay_compensation

.text.mctl_phy_dx_bit_delay_compensation
                0x00000000000250a0      0x3c4
 .text.mctl_phy_dx_bit_delay_compensation
                0x00000000000250a0      0x3c4 /home/test/H618-Android12-Src/longan/brandy/brandy-2.0/spl-pub/board/h618/libsun50iw9p1_sboot.a
                0x00000000000250a0                mctl_phy_dx_bit_delay_compensation

.text.mctl_phy_set_address_remapping
                0x0000000000025464      0x23c
 .text.mctl_phy_set_address_remapping
                0x0000000000025464      0x23c /home/test/H618-Android12-Src/longan/brandy/brandy-2.0/spl-pub/board/h618/libsun50iw9p1_sboot.a
                0x0000000000025464                mctl_phy_set_address_remapping

.text.mctl_phy_cold_reset
                0x00000000000256a0       0x2c
 .text.mctl_phy_cold_reset
                0x00000000000256a0       0x2c /home/test/H618-Android12-Src/longan/brandy/brandy-2.0/spl-pub/board/h618/libsun50iw9p1_sboot.a
                0x00000000000256a0                mctl_phy_cold_reset

.text.phy_para_config
                0x00000000000256cc      0x198
 .text.phy_para_config
                0x00000000000256cc      0x198 /home/test/H618-Android12-Src/longan/brandy/brandy-2.0/spl-pub/board/h618/libsun50iw9p1_sboot.a
                0x00000000000256cc                phy_para_config

.text.phy_write_leveling
                0x0000000000025864      0x118
 .text.phy_write_leveling
                0x0000000000025864      0x118 /home/test/H618-Android12-Src/longan/brandy/brandy-2.0/spl-pub/board/h618/libsun50iw9p1_sboot.a
                0x0000000000025864                phy_write_leveling

.text.phy_read_calibration
                0x000000000002597c      0x144
 .text.phy_read_calibration
                0x000000000002597c      0x144 /home/test/H618-Android12-Src/longan/brandy/brandy-2.0/spl-pub/board/h618/libsun50iw9p1_sboot.a
                0x000000000002597c                phy_read_calibration

.text.phy_read_training
                0x0000000000025ac0      0x374
 .text.phy_read_training
                0x0000000000025ac0      0x374 /home/test/H618-Android12-Src/longan/brandy/brandy-2.0/spl-pub/board/h618/libsun50iw9p1_sboot.a
                0x0000000000025ac0                phy_read_training

.text.phy_write_training
                0x0000000000025e34      0x334
 .text.phy_write_training
                0x0000000000025e34      0x334 /home/test/H618-Android12-Src/longan/brandy/brandy-2.0/spl-pub/board/h618/libsun50iw9p1_sboot.a
                0x0000000000025e34                phy_write_training

.text.phy_zq_calibration
                0x0000000000026168      0x190
 .text.phy_zq_calibration
                0x0000000000026168      0x190 /home/test/H618-Android12-Src/longan/brandy/brandy-2.0/spl-pub/board/h618/libsun50iw9p1_sboot.a
                0x0000000000026168                phy_zq_calibration

.text.mctl_com_set_controller_refresh
                0x00000000000262f8       0x14
 .text.mctl_com_set_controller_refresh
                0x00000000000262f8       0x14 /home/test/H618-Android12-Src/longan/brandy/brandy-2.0/spl-pub/board/h618/libsun50iw9p1_sboot.a
                0x00000000000262f8                mctl_com_set_controller_refresh

.text.mctl_com_set_controller_after_phy
                0x000000000002630c       0x4c
 .text.mctl_com_set_controller_after_phy
                0x000000000002630c       0x4c /home/test/H618-Android12-Src/longan/brandy/brandy-2.0/spl-pub/board/h618/libsun50iw9p1_sboot.a
                0x000000000002630c                mctl_com_set_controller_after_phy

.text.mctl_com_set_controller_before_phy
                0x0000000000026358       0x38
 .text.mctl_com_set_controller_before_phy
                0x0000000000026358       0x38 /home/test/H618-Android12-Src/longan/brandy/brandy-2.0/spl-pub/board/h618/libsun50iw9p1_sboot.a
                0x0000000000026358                mctl_com_set_controller_before_phy

.text.mctl_com_set_controller_dbi
                0x0000000000026390       0x18
 .text.mctl_com_set_controller_dbi
                0x0000000000026390       0x18 /home/test/H618-Android12-Src/longan/brandy/brandy-2.0/spl-pub/board/h618/libsun50iw9p1_sboot.a
                0x0000000000026390                mctl_com_set_controller_dbi

.text.mctl_com_set_controller_update
                0x00000000000263a8       0x40
 .text.mctl_com_set_controller_update
                0x00000000000263a8       0x40 /home/test/H618-Android12-Src/longan/brandy/brandy-2.0/spl-pub/board/h618/libsun50iw9p1_sboot.a
                0x00000000000263a8                mctl_com_set_controller_update

.text.mctl_com_set_channel_timing
                0x00000000000263e8      0x92c
 .text.mctl_com_set_channel_timing
                0x00000000000263e8      0x92c /home/test/H618-Android12-Src/longan/brandy/brandy-2.0/spl-pub/board/h618/libsun50iw9p1_sboot.a
                0x00000000000263e8                mctl_com_set_channel_timing

.text.mctl_com_set_controller_address_map
                0x0000000000026d14      0x1dc
 .text.mctl_com_set_controller_address_map
                0x0000000000026d14      0x1dc /home/test/H618-Android12-Src/longan/brandy/brandy-2.0/spl-pub/board/h618/libsun50iw9p1_sboot.a
                0x0000000000026d14                mctl_com_set_controller_address_map

.text.mctl_com_set_controller_odt
                0x0000000000026ef0       0x9c
 .text.mctl_com_set_controller_odt
                0x0000000000026ef0       0x9c /home/test/H618-Android12-Src/longan/brandy/brandy-2.0/spl-pub/board/h618/libsun50iw9p1_sboot.a
                0x0000000000026ef0                mctl_com_set_controller_odt

.text.mctl_com_set_controller_2T_mode
                0x0000000000026f8c       0x20
 .text.mctl_com_set_controller_2T_mode
                0x0000000000026f8c       0x20 /home/test/H618-Android12-Src/longan/brandy/brandy-2.0/spl-pub/board/h618/libsun50iw9p1_sboot.a
                0x0000000000026f8c                mctl_com_set_controller_2T_mode

.text.mctl_com_set_controller_geardown_mode
                0x0000000000026fac       0x14
 .text.mctl_com_set_controller_geardown_mode
                0x0000000000026fac       0x14 /home/test/H618-Android12-Src/longan/brandy/brandy-2.0/spl-pub/board/h618/libsun50iw9p1_sboot.a
                0x0000000000026fac                mctl_com_set_controller_geardown_mode

.text.mctl_com_set_controller_config
                0x0000000000026fc0       0x44
 .text.mctl_com_set_controller_config
                0x0000000000026fc0       0x44 /home/test/H618-Android12-Src/longan/brandy/brandy-2.0/spl-pub/board/h618/libsun50iw9p1_sboot.a
                0x0000000000026fc0                mctl_com_set_controller_config

.text.mctl_com_init
                0x0000000000027004       0x60
 .text.mctl_com_init
                0x0000000000027004       0x60 /home/test/H618-Android12-Src/longan/brandy/brandy-2.0/spl-pub/board/h618/libsun50iw9p1_sboot.a
                0x0000000000027004                mctl_com_init

.text.mctl_com_set_bus_config
                0x0000000000027064       0x24
 .text.mctl_com_set_bus_config
                0x0000000000027064       0x24 /home/test/H618-Android12-Src/longan/brandy/brandy-2.0/spl-pub/board/h618/libsun50iw9p1_sboot.a
                0x0000000000027064                mctl_com_set_bus_config

.text.mctl_sys_init
                0x0000000000027088       0xec
 .text.mctl_sys_init
                0x0000000000027088       0xec /home/test/H618-Android12-Src/longan/brandy/brandy-2.0/spl-pub/board/h618/libsun50iw9p1_sboot.a
                0x0000000000027088                mctl_sys_init

.text.mctl_core_init
                0x0000000000027174       0x1c
 .text.mctl_core_init
                0x0000000000027174       0x1c /home/test/H618-Android12-Src/longan/brandy/brandy-2.0/spl-pub/board/h618/libsun50iw9p1_sboot.a
                0x0000000000027174                mctl_core_init

.text.auto_scan_dram_size
                0x0000000000027190      0x1a8
 .text.auto_scan_dram_size
                0x0000000000027190      0x1a8 /home/test/H618-Android12-Src/longan/brandy/brandy-2.0/spl-pub/board/h618/libsun50iw9p1_sboot.a
                0x0000000000027190                auto_scan_dram_size

.text.auto_scan_dram_rank_width
                0x0000000000027338       0x98
 .text.auto_scan_dram_rank_width
                0x0000000000027338       0x98 /home/test/H618-Android12-Src/longan/brandy/brandy-2.0/spl-pub/board/h618/libsun50iw9p1_sboot.a
                0x0000000000027338                auto_scan_dram_rank_width

.text.auto_scan_dram_config
                0x00000000000273d0       0xd4
 .text.auto_scan_dram_config
                0x00000000000273d0       0xd4 /home/test/H618-Android12-Src/longan/brandy/brandy-2.0/spl-pub/board/h618/libsun50iw9p1_sboot.a
                0x00000000000273d0                auto_scan_dram_config

.text.ddrphy_phyinit_C_initPhyConfig
                0x00000000000274a4      0x198
 .text.ddrphy_phyinit_C_initPhyConfig
                0x00000000000274a4      0x198 /home/test/H618-Android12-Src/longan/brandy/brandy-2.0/spl-pub/board/h618/libsun50iw9p1_sboot.a
                0x00000000000274a4                ddrphy_phyinit_C_initPhyConfig

.text.mctl_phy_init
                0x000000000002763c       0x12
 .text.mctl_phy_init
                0x000000000002763c       0x12 /home/test/H618-Android12-Src/longan/brandy/brandy-2.0/spl-pub/board/h618/libsun50iw9p1_sboot.a
                0x000000000002763c                mctl_phy_init

.text.mctl_channel_init
                0x0000000000027650       0x50
 .text.mctl_channel_init
                0x0000000000027650       0x50 /home/test/H618-Android12-Src/longan/brandy/brandy-2.0/spl-pub/board/h618/libsun50iw9p1_sboot.a
                0x0000000000027650                mctl_channel_init

.text.init_DRAM
                0x00000000000276a0      0x240
 .text.init_DRAM
                0x00000000000276a0      0x240 /home/test/H618-Android12-Src/longan/brandy/brandy-2.0/spl-pub/board/h618/libsun50iw9p1_sboot.a
                0x00000000000276a0                init_DRAM

.text.crc_16_sd
                0x00000000000278e0       0x22
 .text.crc_16_sd
                0x00000000000278e0       0x22 /home/test/H618-Android12-Src/longan/brandy/brandy-2.0/spl-pub/board/h618/libsun50iw9p1_sboot.a
                0x00000000000278e0                crc_16_sd

.text.disturb_coding_sd
                0x0000000000027902       0x12
 .text.disturb_coding_sd
                0x0000000000027902       0x12 /home/test/H618-Android12-Src/longan/brandy/brandy-2.0/spl-pub/board/h618/libsun50iw9p1_sboot.a
                0x0000000000027902                disturb_coding_sd

.text.bond_id_check
                0x0000000000027914       0x46
 .text.bond_id_check
                0x0000000000027914       0x46 /home/test/H618-Android12-Src/longan/brandy/brandy-2.0/spl-pub/board/h618/libsun50iw9p1_sboot.a
                0x0000000000027914                bond_id_check

.text.dumphex32.constprop.12
                0x000000000002795c       0x48
 .text.dumphex32.constprop.12
                0x000000000002795c       0x48 /home/test/H618-Android12-Src/longan/brandy/brandy-2.0/spl-pub/board/h618/libsun50iw9p1_sboot.a

.text.mmc_send_cmd
                0x00000000000279a4      0x574
 .text.mmc_send_cmd
                0x00000000000279a4      0x574 /home/test/H618-Android12-Src/longan/brandy/brandy-2.0/spl-pub/board/h618/libsun50iw9p1_sboot.a
                0x00000000000279a4                mmc_send_cmd

.text.mmc_send_status
                0x0000000000027f18       0x84
 .text.mmc_send_status
                0x0000000000027f18       0x84 /home/test/H618-Android12-Src/longan/brandy/brandy-2.0/spl-pub/board/h618/libsun50iw9p1_sboot.a
                0x0000000000027f18                mmc_send_status

.text.mmc_set_blocklen
                0x0000000000027f9c       0x2e
 .text.mmc_set_blocklen
                0x0000000000027f9c       0x2e /home/test/H618-Android12-Src/longan/brandy/brandy-2.0/spl-pub/board/h618/libsun50iw9p1_sboot.a
                0x0000000000027f9c                mmc_set_blocklen

.text.mmc_send_manual_stop
                0x0000000000027fcc       0x30
 .text.mmc_send_manual_stop
                0x0000000000027fcc       0x30 /home/test/H618-Android12-Src/longan/brandy/brandy-2.0/spl-pub/board/h618/libsun50iw9p1_sboot.a
                0x0000000000027fcc                mmc_send_manual_stop

.text.find_mmc_device
                0x0000000000027ffc       0x20
 .text.find_mmc_device
                0x0000000000027ffc       0x20 /home/test/H618-Android12-Src/longan/brandy/brandy-2.0/spl-pub/board/h618/libsun50iw9p1_sboot.a
                0x0000000000027ffc                find_mmc_device

.text.mmc_read_blocks
                0x000000000002801c       0x8c
 .text.mmc_read_blocks
                0x000000000002801c       0x8c /home/test/H618-Android12-Src/longan/brandy/brandy-2.0/spl-pub/board/h618/libsun50iw9p1_sboot.a
                0x000000000002801c                mmc_read_blocks

.text.mmc_go_idle
                0x00000000000280a8       0x3c
 .text.mmc_go_idle
                0x00000000000280a8       0x3c /home/test/H618-Android12-Src/longan/brandy/brandy-2.0/spl-pub/board/h618/libsun50iw9p1_sboot.a
                0x00000000000280a8                mmc_go_idle

.text.sd_send_op_cond
                0x00000000000280e4       0xfc
 .text.sd_send_op_cond
                0x00000000000280e4       0xfc /home/test/H618-Android12-Src/longan/brandy/brandy-2.0/spl-pub/board/h618/libsun50iw9p1_sboot.a
                0x00000000000280e4                sd_send_op_cond

.text.mmc_send_op_cond
                0x00000000000281e0       0xf0
 .text.mmc_send_op_cond
                0x00000000000281e0       0xf0 /home/test/H618-Android12-Src/longan/brandy/brandy-2.0/spl-pub/board/h618/libsun50iw9p1_sboot.a
                0x00000000000281e0                mmc_send_op_cond

.text.mmc_send_ext_csd
                0x00000000000282d0       0x40
 .text.mmc_send_ext_csd
                0x00000000000282d0       0x40 /home/test/H618-Android12-Src/longan/brandy/brandy-2.0/spl-pub/board/h618/libsun50iw9p1_sboot.a
                0x00000000000282d0                mmc_send_ext_csd

.text.mmc_update_phase
                0x0000000000028310       0x1c
 .text.mmc_update_phase
                0x0000000000028310       0x1c /home/test/H618-Android12-Src/longan/brandy/brandy-2.0/spl-pub/board/h618/libsun50iw9p1_sboot.a
                0x0000000000028310                mmc_update_phase

.text.mmc_switch
                0x000000000002832c       0x58
 .text.mmc_switch
                0x000000000002832c       0x58 /home/test/H618-Android12-Src/longan/brandy/brandy-2.0/spl-pub/board/h618/libsun50iw9p1_sboot.a
                0x000000000002832c                mmc_switch

.text.mmc_switch_to_ds
                0x0000000000028384       0x54
 .text.mmc_switch_to_ds
                0x0000000000028384       0x54 /home/test/H618-Android12-Src/longan/brandy/brandy-2.0/spl-pub/board/h618/libsun50iw9p1_sboot.a
                0x0000000000028384                mmc_switch_to_ds

.text.mmc_switch_to_hs
                0x00000000000283d8       0x5c
 .text.mmc_switch_to_hs
                0x00000000000283d8       0x5c /home/test/H618-Android12-Src/longan/brandy/brandy-2.0/spl-pub/board/h618/libsun50iw9p1_sboot.a
                0x00000000000283d8                mmc_switch_to_hs

.text.mmc_switch_to_hs200
                0x0000000000028434       0x5c
 .text.mmc_switch_to_hs200
                0x0000000000028434       0x5c /home/test/H618-Android12-Src/longan/brandy/brandy-2.0/spl-pub/board/h618/libsun50iw9p1_sboot.a
                0x0000000000028434                mmc_switch_to_hs200

.text.mmc_switch_to_hs400
                0x0000000000028490       0x5c
 .text.mmc_switch_to_hs400
                0x0000000000028490       0x5c /home/test/H618-Android12-Src/longan/brandy/brandy-2.0/spl-pub/board/h618/libsun50iw9p1_sboot.a
                0x0000000000028490                mmc_switch_to_hs400

.text.mmc_switch_speed_mode
                0x00000000000284ec       0x4c
 .text.mmc_switch_speed_mode
                0x00000000000284ec       0x4c /home/test/H618-Android12-Src/longan/brandy/brandy-2.0/spl-pub/board/h618/libsun50iw9p1_sboot.a
                0x00000000000284ec                mmc_switch_speed_mode

.text.sd_switch
                0x0000000000028538       0x44
 .text.sd_switch
                0x0000000000028538       0x44 /home/test/H618-Android12-Src/longan/brandy/brandy-2.0/spl-pub/board/h618/libsun50iw9p1_sboot.a
                0x0000000000028538                sd_switch

.text.sd_change_freq
                0x000000000002857c      0x14c
 .text.sd_change_freq
                0x000000000002857c      0x14c /home/test/H618-Android12-Src/longan/brandy/brandy-2.0/spl-pub/board/h618/libsun50iw9p1_sboot.a
                0x000000000002857c                sd_change_freq

.text.mmc_set_ios
                0x00000000000286c8      0x4e4
 .text.mmc_set_ios
                0x00000000000286c8      0x4e4 /home/test/H618-Android12-Src/longan/brandy/brandy-2.0/spl-pub/board/h618/libsun50iw9p1_sboot.a
                0x00000000000286c8                mmc_set_ios

.text.mmc_switch_bus_width
                0x0000000000028bac       0xcc
 .text.mmc_switch_bus_width
                0x0000000000028bac       0xcc /home/test/H618-Android12-Src/longan/brandy/brandy-2.0/spl-pub/board/h618/libsun50iw9p1_sboot.a
                0x0000000000028bac                mmc_switch_bus_width

.text.mmc_switch_bus_mode
                0x0000000000028c78       0x50
 .text.mmc_switch_bus_mode
                0x0000000000028c78       0x50 /home/test/H618-Android12-Src/longan/brandy/brandy-2.0/spl-pub/board/h618/libsun50iw9p1_sboot.a
                0x0000000000028c78                mmc_switch_bus_mode

.text.mmc_change_freq.part.10
                0x0000000000028cc8      0x1b8
 .text.mmc_change_freq.part.10
                0x0000000000028cc8      0x1b8 /home/test/H618-Android12-Src/longan/brandy/brandy-2.0/spl-pub/board/h618/libsun50iw9p1_sboot.a

.text.mmc_change_freq
                0x0000000000028e80       0x20
 .text.mmc_change_freq
                0x0000000000028e80       0x20 /home/test/H618-Android12-Src/longan/brandy/brandy-2.0/spl-pub/board/h618/libsun50iw9p1_sboot.a
                0x0000000000028e80                mmc_change_freq

.text.mmc_set_clock
                0x0000000000028ea0       0x16
 .text.mmc_set_clock
                0x0000000000028ea0       0x16 /home/test/H618-Android12-Src/longan/brandy/brandy-2.0/spl-pub/board/h618/libsun50iw9p1_sboot.a
                0x0000000000028ea0                mmc_set_clock

.text.mmc_read_info
                0x0000000000028eb8       0xe4
 .text.mmc_read_info
                0x0000000000028eb8       0xe4 /home/test/H618-Android12-Src/longan/brandy/brandy-2.0/spl-pub/board/h618/libsun50iw9p1_sboot.a
                0x0000000000028eb8                mmc_read_info

.text.mmc_startup
                0x0000000000028f9c      0x544
 .text.mmc_startup
                0x0000000000028f9c      0x544 /home/test/H618-Android12-Src/longan/brandy/brandy-2.0/spl-pub/board/h618/libsun50iw9p1_sboot.a
                0x0000000000028f9c                mmc_startup

.text.mmc_send_if_cond
                0x00000000000294e0       0x5c
 .text.mmc_send_if_cond
                0x00000000000294e0       0x5c /home/test/H618-Android12-Src/longan/brandy/brandy-2.0/spl-pub/board/h618/libsun50iw9p1_sboot.a
                0x00000000000294e0                mmc_send_if_cond

.text.mmc_init  0x000000000002953c      0x1a4
 .text.mmc_init
                0x000000000002953c      0x1a4 /home/test/H618-Android12-Src/longan/brandy/brandy-2.0/spl-pub/board/h618/libsun50iw9p1_sboot.a
                0x000000000002953c                mmc_init

.text.mmc_bread
                0x00000000000296e0      0x148
 .text.mmc_bread
                0x00000000000296e0      0x148 /home/test/H618-Android12-Src/longan/brandy/brandy-2.0/spl-pub/board/h618/libsun50iw9p1_sboot.a
                0x00000000000296e0                mmc_bread

.text.mmc_register
                0x0000000000029828       0x20
 .text.mmc_register
                0x0000000000029828       0x20 /home/test/H618-Android12-Src/longan/brandy/brandy-2.0/spl-pub/board/h618/libsun50iw9p1_sboot.a
                0x0000000000029828                mmc_register

.text._get_pll_periph0
                0x0000000000029848       0x2c
 .text._get_pll_periph0
                0x0000000000029848       0x2c /home/test/H618-Android12-Src/longan/brandy/brandy-2.0/spl-pub/board/h618/libsun50iw9p1_sboot.a

.text.mmc_core_init
                0x0000000000029874       0xe8
 .text.mmc_core_init
                0x0000000000029874       0xe8 /home/test/H618-Android12-Src/longan/brandy/brandy-2.0/spl-pub/board/h618/libsun50iw9p1_sboot.a

.text.mmc_clk_io_onoff
                0x000000000002995c       0xb0
 .text.mmc_clk_io_onoff
                0x000000000002995c       0xb0 /home/test/H618-Android12-Src/longan/brandy/brandy-2.0/spl-pub/board/h618/libsun50iw9p1_sboot.a

.text.mmc_ddr_mode_onoff.isra.0
                0x0000000000029a0c       0x2e
 .text.mmc_ddr_mode_onoff.isra.0
                0x0000000000029a0c       0x2e /home/test/H618-Android12-Src/longan/brandy/brandy-2.0/spl-pub/board/h618/libsun50iw9p1_sboot.a

.text.mmc_get_mclk.isra.4
                0x0000000000029a3c       0x50
 .text.mmc_get_mclk.isra.4
                0x0000000000029a3c       0x50 /home/test/H618-Android12-Src/longan/brandy/brandy-2.0/spl-pub/board/h618/libsun50iw9p1_sboot.a

.text.mmc_update_clk.isra.5
                0x0000000000029a8c       0x68
 .text.mmc_update_clk.isra.5
                0x0000000000029a8c       0x68 /home/test/H618-Android12-Src/longan/brandy/brandy-2.0/spl-pub/board/h618/libsun50iw9p1_sboot.a

.text.mmc_get_timing_cfg
                0x0000000000029af4      0x1c8
 .text.mmc_get_timing_cfg
                0x0000000000029af4      0x1c8 /home/test/H618-Android12-Src/longan/brandy/brandy-2.0/spl-pub/board/h618/libsun50iw9p1_sboot.a

.text.set_mmc_para
                0x0000000000029cbc       0x54
 .text.set_mmc_para
                0x0000000000029cbc       0x54 /home/test/H618-Android12-Src/longan/brandy/brandy-2.0/spl-pub/board/h618/libsun50iw9p1_sboot.a
                0x0000000000029cbc                set_mmc_para

.text.mmc_update_host_caps_r
                0x0000000000029d10      0x124
 .text.mmc_update_host_caps_r
                0x0000000000029d10      0x124 /home/test/H618-Android12-Src/longan/brandy/brandy-2.0/spl-pub/board/h618/libsun50iw9p1_sboot.a
                0x0000000000029d10                mmc_update_host_caps_r

.text.sunxi_mmc_init
                0x0000000000029e34      0x180
 .text.sunxi_mmc_init
                0x0000000000029e34      0x180 /home/test/H618-Android12-Src/longan/brandy/brandy-2.0/spl-pub/board/h618/libsun50iw9p1_sboot.a
                0x0000000000029e34                sunxi_mmc_init

.text.load_and_check_in_one_blk
                0x0000000000029fb4       0x54
 .text.load_and_check_in_one_blk
                0x0000000000029fb4       0x54 /home/test/H618-Android12-Src/longan/brandy/brandy-2.0/spl-pub/board/h618/libsun50iw9p1_sboot.a
                0x0000000000029fb4                load_and_check_in_one_blk

.text.load_in_many_blks
                0x000000000002a008       0x9c
 .text.load_in_many_blks
                0x000000000002a008       0x9c /home/test/H618-Android12-Src/longan/brandy/brandy-2.0/spl-pub/board/h618/libsun50iw9p1_sboot.a
                0x000000000002a008                load_in_many_blks

.text.NF_open   0x000000000002a0a4       0x6c
 .text.NF_open  0x000000000002a0a4       0x6c /home/test/H618-Android12-Src/longan/brandy/brandy-2.0/spl-pub/board/h618/libsun50iw9p1_sboot.a
                0x000000000002a0a4                NF_open

.text.NF_close  0x000000000002a110       0x12
 .text.NF_close
                0x000000000002a110       0x12 /home/test/H618-Android12-Src/longan/brandy/brandy-2.0/spl-pub/board/h618/libsun50iw9p1_sboot.a
                0x000000000002a110                NF_close

.text.NF_read   0x000000000002a124       0xfc
 .text.NF_read  0x000000000002a124       0xfc /home/test/H618-Android12-Src/longan/brandy/brandy-2.0/spl-pub/board/h618/libsun50iw9p1_sboot.a
                0x000000000002a124                NF_read

.text.NF_read_status
                0x000000000002a220       0x3c
 .text.NF_read_status
                0x000000000002a220       0x3c /home/test/H618-Android12-Src/longan/brandy/brandy-2.0/spl-pub/board/h618/libsun50iw9p1_sboot.a
                0x000000000002a220                NF_read_status

.text.load_uboot_in_one_block_judge
                0x000000000002a25c       0x3c
 .text.load_uboot_in_one_block_judge
                0x000000000002a25c       0x3c /home/test/H618-Android12-Src/longan/brandy/brandy-2.0/spl-pub/board/h618/libsun50iw9p1_sboot.a
                0x000000000002a25c                load_uboot_in_one_block_judge

.text.NFB_GetFlashInfo
                0x000000000002a298       0x2c
 .text.NFB_GetFlashInfo
                0x000000000002a298       0x2c /home/test/H618-Android12-Src/longan/brandy/brandy-2.0/spl-pub/board/h618/libsun50iw9p1_sboot.a
                0x000000000002a298                NFB_GetFlashInfo

.text.NFB_PhyInit
                0x000000000002a2c4       0x44
 .text.NFB_PhyInit
                0x000000000002a2c4       0x44 /home/test/H618-Android12-Src/longan/brandy/brandy-2.0/spl-pub/board/h618/libsun50iw9p1_sboot.a
                0x000000000002a2c4                NFB_PhyInit

.text.NFB_PhyExit
                0x000000000002a308        0xa
 .text.NFB_PhyExit
                0x000000000002a308        0xa /home/test/H618-Android12-Src/longan/brandy/brandy-2.0/spl-pub/board/h618/libsun50iw9p1_sboot.a
                0x000000000002a308                NFB_PhyExit

.text.NFB_PhyRead
                0x000000000002a312        0x4
 .text.NFB_PhyRead
                0x000000000002a312        0x4 /home/test/H618-Android12-Src/longan/brandy/brandy-2.0/spl-pub/board/h618/libsun50iw9p1_sboot.a
                0x000000000002a312                NFB_PhyRead

.text._Get_PLL_PERI
                0x000000000002a318       0x30
 .text._Get_PLL_PERI
                0x000000000002a318       0x30 /home/test/H618-Android12-Src/longan/brandy/brandy-2.0/spl-pub/board/h618/libsun50iw9p1_sboot.a
                0x000000000002a318                _Get_PLL_PERI

.text._change_ndfc_clk_v1
                0x000000000002a348      0x1f4
 .text._change_ndfc_clk_v1
                0x000000000002a348      0x1f4 /home/test/H618-Android12-Src/longan/brandy/brandy-2.0/spl-pub/board/h618/libsun50iw9p1_sboot.a
                0x000000000002a348                _change_ndfc_clk_v1

.text._open_ndfc_ahb_gate_and_reset_v1
                0x000000000002a53c       0x3c
 .text._open_ndfc_ahb_gate_and_reset_v1
                0x000000000002a53c       0x3c /home/test/H618-Android12-Src/longan/brandy/brandy-2.0/spl-pub/board/h618/libsun50iw9p1_sboot.a
                0x000000000002a53c                _open_ndfc_ahb_gate_and_reset_v1

.text.NAND_ClkRequest
                0x000000000002a578       0x44
 .text.NAND_ClkRequest
                0x000000000002a578       0x44 /home/test/H618-Android12-Src/longan/brandy/brandy-2.0/spl-pub/board/h618/libsun50iw9p1_sboot.a
                0x000000000002a578                NAND_ClkRequest

.text.NAND_ClkRelease
                0x000000000002a5bc        0x2
 .text.NAND_ClkRelease
                0x000000000002a5bc        0x2 /home/test/H618-Android12-Src/longan/brandy/brandy-2.0/spl-pub/board/h618/libsun50iw9p1_sboot.a
                0x000000000002a5bc                NAND_ClkRelease

.text.NAND_PIORequest
                0x000000000002a5c0       0x38
 .text.NAND_PIORequest
                0x000000000002a5c0       0x38 /home/test/H618-Android12-Src/longan/brandy/brandy-2.0/spl-pub/board/h618/libsun50iw9p1_sboot.a
                0x000000000002a5c0                NAND_PIORequest

.text.NAND_PIORelease
                0x000000000002a5f8        0x2
 .text.NAND_PIORelease
                0x000000000002a5f8        0x2 /home/test/H618-Android12-Src/longan/brandy/brandy-2.0/spl-pub/board/h618/libsun50iw9p1_sboot.a
                0x000000000002a5f8                NAND_PIORelease

.text.NAND_WaitDmaFinish
                0x000000000002a5fa        0x4
 .text.NAND_WaitDmaFinish
                0x000000000002a5fa        0x4 /home/test/H618-Android12-Src/longan/brandy/brandy-2.0/spl-pub/board/h618/libsun50iw9p1_sboot.a
                0x000000000002a5fa                NAND_WaitDmaFinish

.text.NAND_Malloc
                0x000000000002a5fe        0x6
 .text.NAND_Malloc
                0x000000000002a5fe        0x6 /home/test/H618-Android12-Src/longan/brandy/brandy-2.0/spl-pub/board/h618/libsun50iw9p1_sboot.a
                0x000000000002a5fe                NAND_Malloc

.text.NAND_Free
                0x000000000002a604        0x2
 .text.NAND_Free
                0x000000000002a604        0x2 /home/test/H618-Android12-Src/longan/brandy/brandy-2.0/spl-pub/board/h618/libsun50iw9p1_sboot.a
                0x000000000002a604                NAND_Free

.text.NAND_IORemap
                0x000000000002a606        0x2
 .text.NAND_IORemap
                0x000000000002a606        0x2 /home/test/H618-Android12-Src/longan/brandy/brandy-2.0/spl-pub/board/h618/libsun50iw9p1_sboot.a
                0x000000000002a606                NAND_IORemap

.text._InitNandPhyInfo
                0x000000000002a608       0x80
 .text._InitNandPhyInfo
                0x000000000002a608       0x80 /home/test/H618-Android12-Src/longan/brandy/brandy-2.0/spl-pub/board/h618/libsun50iw9p1_sboot.a
                0x000000000002a608                _InitNandPhyInfo

.text._CheckNandID
                0x000000000002a688       0x2c
 .text._CheckNandID
                0x000000000002a688       0x2c /home/test/H618-Android12-Src/longan/brandy/brandy-2.0/spl-pub/board/h618/libsun50iw9p1_sboot.a
                0x000000000002a688                _CheckNandID

.text.BOOT_AnalyzeNandSystem
                0x000000000002a6b4       0xd8
 .text.BOOT_AnalyzeNandSystem
                0x000000000002a6b4       0xd8 /home/test/H618-Android12-Src/longan/brandy/brandy-2.0/spl-pub/board/h618/libsun50iw9p1_sboot.a
                0x000000000002a6b4                BOOT_AnalyzeNandSystem

.text.NAND_Getlsbpage_type
                0x000000000002a78c       0x10
 .text.NAND_Getlsbpage_type
                0x000000000002a78c       0x10 /home/test/H618-Android12-Src/longan/brandy/brandy-2.0/spl-pub/board/h618/libsun50iw9p1_sboot.a
                0x000000000002a78c                NAND_Getlsbpage_type

.text.Nand_Is_lsb_page
                0x000000000002a79c       0xdc
 .text.Nand_Is_lsb_page
                0x000000000002a79c       0xdc /home/test/H618-Android12-Src/longan/brandy/brandy-2.0/spl-pub/board/h618/libsun50iw9p1_sboot.a
                0x000000000002a79c                Nand_Is_lsb_page

.text.NAND_GetLsbblksize
                0x000000000002a878       0x38
 .text.NAND_GetLsbblksize
                0x000000000002a878       0x38 /home/test/H618-Android12-Src/longan/brandy/brandy-2.0/spl-pub/board/h618/libsun50iw9p1_sboot.a
                0x000000000002a878                NAND_GetLsbblksize

.text.nfc_repeat_mode_enable
                0x000000000002a8b0       0x28
 .text.nfc_repeat_mode_enable
                0x000000000002a8b0       0x28 /home/test/H618-Android12-Src/longan/brandy/brandy-2.0/spl-pub/board/h618/libsun50iw9p1_sboot.a
                0x000000000002a8b0                nfc_repeat_mode_enable

.text.nfc_repeat_mode_disable
                0x000000000002a8d8       0x28
 .text.nfc_repeat_mode_disable
                0x000000000002a8d8       0x28 /home/test/H618-Android12-Src/longan/brandy/brandy-2.0/spl-pub/board/h618/libsun50iw9p1_sboot.a
                0x000000000002a8d8                nfc_repeat_mode_disable

.text._wait_cmdfifo_free
                0x000000000002a900       0x2c
 .text._wait_cmdfifo_free
                0x000000000002a900       0x2c /home/test/H618-Android12-Src/longan/brandy/brandy-2.0/spl-pub/board/h618/libsun50iw9p1_sboot.a
                0x000000000002a900                _wait_cmdfifo_free

.text._wait_cmd_finish
                0x000000000002a92c       0x44
 .text._wait_cmd_finish
                0x000000000002a92c       0x44 /home/test/H618-Android12-Src/longan/brandy/brandy-2.0/spl-pub/board/h618/libsun50iw9p1_sboot.a
                0x000000000002a92c                _wait_cmd_finish

.text._dma_config_start
                0x000000000002a970       0x64
 .text._dma_config_start
                0x000000000002a970       0x64 /home/test/H618-Android12-Src/longan/brandy/brandy-2.0/spl-pub/board/h618/libsun50iw9p1_sboot.a
                0x000000000002a970                _dma_config_start

.text._wait_dma_end
                0x000000000002a9d4       0x2c
 .text._wait_dma_end
                0x000000000002a9d4       0x2c /home/test/H618-Android12-Src/longan/brandy/brandy-2.0/spl-pub/board/h618/libsun50iw9p1_sboot.a
                0x000000000002a9d4                _wait_dma_end

.text._reset    0x000000000002aa00       0x44
 .text._reset   0x000000000002aa00       0x44 /home/test/H618-Android12-Src/longan/brandy/brandy-2.0/spl-pub/board/h618/libsun50iw9p1_sboot.a
                0x000000000002aa00                _reset

.text._check_ecc
                0x000000000002aa44       0xd4
 .text._check_ecc
                0x000000000002aa44       0xd4 /home/test/H618-Android12-Src/longan/brandy/brandy-2.0/spl-pub/board/h618/libsun50iw9p1_sboot.a
                0x000000000002aa44                _check_ecc

.text._disable_ecc
                0x000000000002ab18       0x20
 .text._disable_ecc
                0x000000000002ab18       0x20 /home/test/H618-Android12-Src/longan/brandy/brandy-2.0/spl-pub/board/h618/libsun50iw9p1_sboot.a
                0x000000000002ab18                _disable_ecc

.text._enable_ecc
                0x000000000002ab38       0x38
 .text._enable_ecc
                0x000000000002ab38       0x38 /home/test/H618-Android12-Src/longan/brandy/brandy-2.0/spl-pub/board/h618/libsun50iw9p1_sboot.a
                0x000000000002ab38                _enable_ecc

.text._set_addr
                0x000000000002ab70       0x48
 .text._set_addr
                0x000000000002ab70       0x48 /home/test/H618-Android12-Src/longan/brandy/brandy-2.0/spl-pub/board/h618/libsun50iw9p1_sboot.a
                0x000000000002ab70                _set_addr

.text.ndfc_set_user_data_len
                0x000000000002abb8       0xb4
 .text.ndfc_set_user_data_len
                0x000000000002abb8       0xb4 /home/test/H618-Android12-Src/longan/brandy/brandy-2.0/spl-pub/board/h618/libsun50iw9p1_sboot.a
                0x000000000002abb8                ndfc_set_user_data_len

.text._read_in_page_mode
                0x000000000002ac6c      0x1e4
 .text._read_in_page_mode
                0x000000000002ac6c      0x1e4 /home/test/H618-Android12-Src/longan/brandy/brandy-2.0/spl-pub/board/h618/libsun50iw9p1_sboot.a
                0x000000000002ac6c                _read_in_page_mode

.text.NFC_Read  0x000000000002ae50       0x28
 .text.NFC_Read
                0x000000000002ae50       0x28 /home/test/H618-Android12-Src/longan/brandy/brandy-2.0/spl-pub/board/h618/libsun50iw9p1_sboot.a
                0x000000000002ae50                NFC_Read

.text.nfc_set_cmd_register
                0x000000000002ae78       0x78
 .text.nfc_set_cmd_register
                0x000000000002ae78       0x78 /home/test/H618-Android12-Src/longan/brandy/brandy-2.0/spl-pub/board/h618/libsun50iw9p1_sboot.a
                0x000000000002ae78                nfc_set_cmd_register

.text.NFC_SetRandomSeed
                0x000000000002aef0       0x24
 .text.NFC_SetRandomSeed
                0x000000000002aef0       0x24 /home/test/H618-Android12-Src/longan/brandy/brandy-2.0/spl-pub/board/h618/libsun50iw9p1_sboot.a
                0x000000000002aef0                NFC_SetRandomSeed

.text.NFC_RandomEnable
                0x000000000002af14       0x24
 .text.NFC_RandomEnable
                0x000000000002af14       0x24 /home/test/H618-Android12-Src/longan/brandy/brandy-2.0/spl-pub/board/h618/libsun50iw9p1_sboot.a
                0x000000000002af14                NFC_RandomEnable

.text.NFC_RandomDisable
                0x000000000002af38       0x24
 .text.NFC_RandomDisable
                0x000000000002af38       0x24 /home/test/H618-Android12-Src/longan/brandy/brandy-2.0/spl-pub/board/h618/libsun50iw9p1_sboot.a
                0x000000000002af38                NFC_RandomDisable

.text.NFC_GetId
                0x000000000002af5c       0x40
 .text.NFC_GetId
                0x000000000002af5c       0x40 /home/test/H618-Android12-Src/longan/brandy/brandy-2.0/spl-pub/board/h618/libsun50iw9p1_sboot.a
                0x000000000002af5c                NFC_GetId

.text.NFC_GetFeature
                0x000000000002af9c       0x40
 .text.NFC_GetFeature
                0x000000000002af9c       0x40 /home/test/H618-Android12-Src/longan/brandy/brandy-2.0/spl-pub/board/h618/libsun50iw9p1_sboot.a
                0x000000000002af9c                NFC_GetFeature

.text.NFC_SetFeature
                0x000000000002afdc       0xac
 .text.NFC_SetFeature
                0x000000000002afdc       0xac /home/test/H618-Android12-Src/longan/brandy/brandy-2.0/spl-pub/board/h618/libsun50iw9p1_sboot.a
                0x000000000002afdc                NFC_SetFeature

.text.NFC_Set_Legacy_Interface
                0x000000000002b088       0x24
 .text.NFC_Set_Legacy_Interface
                0x000000000002b088       0x24 /home/test/H618-Android12-Src/longan/brandy/brandy-2.0/spl-pub/board/h618/libsun50iw9p1_sboot.a
                0x000000000002b088                NFC_Set_Legacy_Interface

.text.NFC_Set_Toggle_Interface
                0x000000000002b0ac       0x24
 .text.NFC_Set_Toggle_Interface
                0x000000000002b0ac       0x24 /home/test/H618-Android12-Src/longan/brandy/brandy-2.0/spl-pub/board/h618/libsun50iw9p1_sboot.a
                0x000000000002b0ac                NFC_Set_Toggle_Interface

.text.NFC_GetStatus
                0x000000000002b0d0       0x34
 .text.NFC_GetStatus
                0x000000000002b0d0       0x34 /home/test/H618-Android12-Src/longan/brandy/brandy-2.0/spl-pub/board/h618/libsun50iw9p1_sboot.a
                0x000000000002b0d0                NFC_GetStatus

.text.NFC_ResetChip
                0x000000000002b104       0x16
 .text.NFC_ResetChip
                0x000000000002b104       0x16 /home/test/H618-Android12-Src/longan/brandy/brandy-2.0/spl-pub/board/h618/libsun50iw9p1_sboot.a
                0x000000000002b104                NFC_ResetChip

.text.NFC_SelectChip
                0x000000000002b11c       0x2c
 .text.NFC_SelectChip
                0x000000000002b11c       0x2c /home/test/H618-Android12-Src/longan/brandy/brandy-2.0/spl-pub/board/h618/libsun50iw9p1_sboot.a
                0x000000000002b11c                NFC_SelectChip

.text.NFC_SelectRb
                0x000000000002b148       0x2c
 .text.NFC_SelectRb
                0x000000000002b148       0x2c /home/test/H618-Android12-Src/longan/brandy/brandy-2.0/spl-pub/board/h618/libsun50iw9p1_sboot.a
                0x000000000002b148                NFC_SelectRb

.text.NFC_DeSelectChip
                0x000000000002b174        0x4
 .text.NFC_DeSelectChip
                0x000000000002b174        0x4 /home/test/H618-Android12-Src/longan/brandy/brandy-2.0/spl-pub/board/h618/libsun50iw9p1_sboot.a
                0x000000000002b174                NFC_DeSelectChip

.text.NFC_DeSelectRb
                0x000000000002b178        0x4
 .text.NFC_DeSelectRb
                0x000000000002b178        0x4 /home/test/H618-Android12-Src/longan/brandy/brandy-2.0/spl-pub/board/h618/libsun50iw9p1_sboot.a
                0x000000000002b178                NFC_DeSelectRb

.text.NFC_CheckRbReady
                0x000000000002b17c       0x28
 .text.NFC_CheckRbReady
                0x000000000002b17c       0x28 /home/test/H618-Android12-Src/longan/brandy/brandy-2.0/spl-pub/board/h618/libsun50iw9p1_sboot.a
                0x000000000002b17c                NFC_CheckRbReady

.text.NFC_ChangMode
                0x000000000002b1a4       0xc8
 .text.NFC_ChangMode
                0x000000000002b1a4       0xc8 /home/test/H618-Android12-Src/longan/brandy/brandy-2.0/spl-pub/board/h618/libsun50iw9p1_sboot.a
                0x000000000002b1a4                NFC_ChangMode

.text.NFC_SetEccMode
                0x000000000002b26c       0x28
 .text.NFC_SetEccMode
                0x000000000002b26c       0x28 /home/test/H618-Android12-Src/longan/brandy/brandy-2.0/spl-pub/board/h618/libsun50iw9p1_sboot.a
                0x000000000002b26c                NFC_SetEccMode

.text.NFC_Init  0x000000000002b294       0x5c
 .text.NFC_Init
                0x000000000002b294       0x5c /home/test/H618-Android12-Src/longan/brandy/brandy-2.0/spl-pub/board/h618/libsun50iw9p1_sboot.a
                0x000000000002b294                NFC_Init

.text.NFC_Exit  0x000000000002b2f0       0x30
 .text.NFC_Exit
                0x000000000002b2f0       0x30 /home/test/H618-Android12-Src/longan/brandy/brandy-2.0/spl-pub/board/h618/libsun50iw9p1_sboot.a
                0x000000000002b2f0                NFC_Exit

.text._vender_get_param
                0x000000000002b320       0x74
 .text._vender_get_param
                0x000000000002b320       0x74 /home/test/H618-Android12-Src/longan/brandy/brandy-2.0/spl-pub/board/h618/libsun50iw9p1_sboot.a
                0x000000000002b320                _vender_get_param

.text._vender_set_param
                0x000000000002b394      0x12c
 .text._vender_set_param
                0x000000000002b394      0x12c /home/test/H618-Android12-Src/longan/brandy/brandy-2.0/spl-pub/board/h618/libsun50iw9p1_sboot.a
                0x000000000002b394                _vender_set_param

.text._vender_get_param_otp_hynix
                0x000000000002b4c0      0x260
 .text._vender_get_param_otp_hynix
                0x000000000002b4c0      0x260 /home/test/H618-Android12-Src/longan/brandy/brandy-2.0/spl-pub/board/h618/libsun50iw9p1_sboot.a
                0x000000000002b4c0                _vender_get_param_otp_hynix

.text._major_check_byte
                0x000000000002b720       0xb4
 .text._major_check_byte
                0x000000000002b720       0xb4 /home/test/H618-Android12-Src/longan/brandy/brandy-2.0/spl-pub/board/h618/libsun50iw9p1_sboot.a
                0x000000000002b720                _major_check_byte

.text._get_read_retry_cfg
                0x000000000002b7d4      0x100
 .text._get_read_retry_cfg
                0x000000000002b7d4      0x100 /home/test/H618-Android12-Src/longan/brandy/brandy-2.0/spl-pub/board/h618/libsun50iw9p1_sboot.a
                0x000000000002b7d4                _get_read_retry_cfg

.text._read_otp_info_hynix
                0x000000000002b8d4      0x21c
 .text._read_otp_info_hynix
                0x000000000002b8d4      0x21c /home/test/H618-Android12-Src/longan/brandy/brandy-2.0/spl-pub/board/h618/libsun50iw9p1_sboot.a
                0x000000000002b8d4                _read_otp_info_hynix

.text._get_rr_value_otp_hynix
                0x000000000002baf0       0x70
 .text._get_rr_value_otp_hynix
                0x000000000002baf0       0x70 /home/test/H618-Android12-Src/longan/brandy/brandy-2.0/spl-pub/board/h618/libsun50iw9p1_sboot.a
                0x000000000002baf0                _get_rr_value_otp_hynix

.text.NFC_ReadRetry
                0x000000000002bb60      0x10c
 .text.NFC_ReadRetry
                0x000000000002bb60      0x10c /home/test/H618-Android12-Src/longan/brandy/brandy-2.0/spl-pub/board/h618/libsun50iw9p1_sboot.a
                0x000000000002bb60                NFC_ReadRetry

.text.NFC_ReadRetryInit
                0x000000000002bc6c      0x1ac
 .text.NFC_ReadRetryInit
                0x000000000002bc6c      0x1ac /home/test/H618-Android12-Src/longan/brandy/brandy-2.0/spl-pub/board/h618/libsun50iw9p1_sboot.a
                0x000000000002bc6c                NFC_ReadRetryInit

.text.NFC_GetOTPValue
                0x000000000002be18       0x38
 .text.NFC_GetOTPValue
                0x000000000002be18       0x38 /home/test/H618-Android12-Src/longan/brandy/brandy-2.0/spl-pub/board/h618/libsun50iw9p1_sboot.a
                0x000000000002be18                NFC_GetOTPValue

.text.NFC_GetDefaultParam
                0x000000000002be50       0xe0
 .text.NFC_GetDefaultParam
                0x000000000002be50       0xe0 /home/test/H618-Android12-Src/longan/brandy/brandy-2.0/spl-pub/board/h618/libsun50iw9p1_sboot.a
                0x000000000002be50                NFC_GetDefaultParam

.text.NFC_SetDefaultParam
                0x000000000002bf30       0x94
 .text.NFC_SetDefaultParam
                0x000000000002bf30       0x94 /home/test/H618-Android12-Src/longan/brandy/brandy-2.0/spl-pub/board/h618/libsun50iw9p1_sboot.a
                0x000000000002bf30                NFC_SetDefaultParam

.text.NFC_ReadRetryExit
                0x000000000002bfc4        0x4
 .text.NFC_ReadRetryExit
                0x000000000002bfc4        0x4 /home/test/H618-Android12-Src/longan/brandy/brandy-2.0/spl-pub/board/h618/libsun50iw9p1_sboot.a
                0x000000000002bfc4                NFC_ReadRetryExit

.text._cal_addr_in_chip
                0x000000000002bfc8       0x6c
 .text._cal_addr_in_chip
                0x000000000002bfc8       0x6c /home/test/H618-Android12-Src/longan/brandy/brandy-2.0/spl-pub/board/h618/libsun50iw9p1_sboot.a
                0x000000000002bfc8                _cal_addr_in_chip

.text._read_status
                0x000000000002c034       0x26
 .text._read_status
                0x000000000002c034       0x26 /home/test/H618-Android12-Src/longan/brandy/brandy-2.0/spl-pub/board/h618/libsun50iw9p1_sboot.a
                0x000000000002c034                _read_status

.text._wait_rb_ready
                0x000000000002c05a       0x1c
 .text._wait_rb_ready
                0x000000000002c05a       0x1c /home/test/H618-Android12-Src/longan/brandy/brandy-2.0/spl-pub/board/h618/libsun50iw9p1_sboot.a
                0x000000000002c05a                _wait_rb_ready

.text.PHY_Init  0x000000000002c078       0x2c
 .text.PHY_Init
                0x000000000002c078       0x2c /home/test/H618-Android12-Src/longan/brandy/brandy-2.0/spl-pub/board/h618/libsun50iw9p1_sboot.a
                0x000000000002c078                PHY_Init

.text.check_nand_special_info
                0x000000000002c0a4       0x38
 .text.check_nand_special_info
                0x000000000002c0a4       0x38 /home/test/H618-Android12-Src/longan/brandy/brandy-2.0/spl-pub/board/h618/libsun50iw9p1_sboot.a
                0x000000000002c0a4                check_nand_special_info

.text.PHY_SetDefaultParam
                0x000000000002c0dc       0x28
 .text.PHY_SetDefaultParam
                0x000000000002c0dc       0x28 /home/test/H618-Android12-Src/longan/brandy/brandy-2.0/spl-pub/board/h618/libsun50iw9p1_sboot.a
                0x000000000002c0dc                PHY_SetDefaultParam

.text.PHY_ChangeMode
                0x000000000002c104       0xa4
 .text.PHY_ChangeMode
                0x000000000002c104       0xa4 /home/test/H618-Android12-Src/longan/brandy/brandy-2.0/spl-pub/board/h618/libsun50iw9p1_sboot.a
                0x000000000002c104                PHY_ChangeMode

.text.PHY_Exit  0x000000000002c1a8       0x28
 .text.PHY_Exit
                0x000000000002c1a8       0x28 /home/test/H618-Android12-Src/longan/brandy/brandy-2.0/spl-pub/board/h618/libsun50iw9p1_sboot.a
                0x000000000002c1a8                PHY_Exit

.text.PHY_ResetChip
                0x000000000002c1d0       0x6c
 .text.PHY_ResetChip
                0x000000000002c1d0       0x6c /home/test/H618-Android12-Src/longan/brandy/brandy-2.0/spl-pub/board/h618/libsun50iw9p1_sboot.a
                0x000000000002c1d0                PHY_ResetChip

.text._read_single_page
                0x000000000002c23c      0x220
 .text._read_single_page
                0x000000000002c23c      0x220 /home/test/H618-Android12-Src/longan/brandy/brandy-2.0/spl-pub/board/h618/libsun50iw9p1_sboot.a
                0x000000000002c23c                _read_single_page

.text.PHY_ReadNandId
                0x000000000002c45c       0x3e
 .text.PHY_ReadNandId
                0x000000000002c45c       0x3e /home/test/H618-Android12-Src/longan/brandy/brandy-2.0/spl-pub/board/h618/libsun50iw9p1_sboot.a
                0x000000000002c45c                PHY_ReadNandId

.text.PHY_GetFeature
                0x000000000002c49a       0x3a
 .text.PHY_GetFeature
                0x000000000002c49a       0x3a /home/test/H618-Android12-Src/longan/brandy/brandy-2.0/spl-pub/board/h618/libsun50iw9p1_sboot.a
                0x000000000002c49a                PHY_GetFeature

.text.PHY_SetFeature
                0x000000000002c4d4       0x3c
 .text.PHY_SetFeature
                0x000000000002c4d4       0x3c /home/test/H618-Android12-Src/longan/brandy/brandy-2.0/spl-pub/board/h618/libsun50iw9p1_sboot.a
                0x000000000002c4d4                PHY_SetFeature

.text.Setup_Ddr_Nand_Force_To_Sdr_Para
                0x000000000002c510       0x64
 .text.Setup_Ddr_Nand_Force_To_Sdr_Para
                0x000000000002c510       0x64 /home/test/H618-Android12-Src/longan/brandy/brandy-2.0/spl-pub/board/h618/libsun50iw9p1_sboot.a
                0x000000000002c510                Setup_Ddr_Nand_Force_To_Sdr_Para

.text.PHY_SimpleRead
                0x000000000002c574        0x6
 .text.PHY_SimpleRead
                0x000000000002c574        0x6 /home/test/H618-Android12-Src/longan/brandy/brandy-2.0/spl-pub/board/h618/libsun50iw9p1_sboot.a
                0x000000000002c574                PHY_SimpleRead

.text.PHY_GetDefaultParam
                0x000000000002c57c      0x17c
 .text.PHY_GetDefaultParam
                0x000000000002c57c      0x17c /home/test/H618-Android12-Src/longan/brandy/brandy-2.0/spl-pub/board/h618/libsun50iw9p1_sboot.a
                0x000000000002c57c                PHY_GetDefaultParam

.text.PHY_SynchBank
                0x000000000002c6f8       0xc0
 .text.PHY_SynchBank
                0x000000000002c6f8       0xc0 /home/test/H618-Android12-Src/longan/brandy/brandy-2.0/spl-pub/board/h618/libsun50iw9p1_sboot.a
                0x000000000002c6f8                PHY_SynchBank

.text.set_ddr_voltage
                0x000000000002c7b8       0x38
 .text.set_ddr_voltage
                0x000000000002c7b8       0x38 /home/test/H618-Android12-Src/longan/brandy/brandy-2.0/spl-pub/board/h618/libsun50iw9p1_sboot.a
                0x000000000002c7b8                set_ddr_voltage

.text.set_sys_voltage
                0x000000000002c7f0       0x2c
 .text.set_sys_voltage
                0x000000000002c7f0       0x2c /home/test/H618-Android12-Src/longan/brandy/brandy-2.0/spl-pub/board/h618/libsun50iw9p1_sboot.a
                0x000000000002c7f0                set_sys_voltage

.text.set_pll_voltage
                0x000000000002c81c       0x28
 .text.set_pll_voltage
                0x000000000002c81c       0x28 /home/test/H618-Android12-Src/longan/brandy/brandy-2.0/spl-pub/board/h618/libsun50iw9p1_sboot.a
                0x000000000002c81c                set_pll_voltage

.text.axp_init  0x000000000002c844       0x34
 .text.axp_init
                0x000000000002c844       0x34 /home/test/H618-Android12-Src/longan/brandy/brandy-2.0/spl-pub/board/h618/libsun50iw9p1_sboot.a
                0x000000000002c844                axp_init

.text.get_power_mode
                0x000000000002c878       0x10
 .text.get_power_mode
                0x000000000002c878       0x10 /home/test/H618-Android12-Src/longan/brandy/brandy-2.0/spl-pub/board/h618/libsun50iw9p1_sboot.a
                0x000000000002c878                get_power_mode

.text.pmu_set_vol
                0x000000000002c888      0x3c8
 .text.pmu_set_vol
                0x000000000002c888      0x3c8 /home/test/H618-Android12-Src/longan/brandy/brandy-2.0/spl-pub/board/h618/libsun50iw9p1_sboot.a

.text.axp858_set_ddr_voltage
                0x000000000002cc50       0x10
 .text.axp858_set_ddr_voltage
                0x000000000002cc50       0x10 /home/test/H618-Android12-Src/longan/brandy/brandy-2.0/spl-pub/board/h618/libsun50iw9p1_sboot.a
                0x000000000002cc50                axp858_set_ddr_voltage

.text.axp858_set_pll_voltage
                0x000000000002cc60       0x10
 .text.axp858_set_pll_voltage
                0x000000000002cc60       0x10 /home/test/H618-Android12-Src/longan/brandy/brandy-2.0/spl-pub/board/h618/libsun50iw9p1_sboot.a
                0x000000000002cc60                axp858_set_pll_voltage

.text.axp858_set_sys_voltage
                0x000000000002cc70       0x10
 .text.axp858_set_sys_voltage
                0x000000000002cc70       0x10 /home/test/H618-Android12-Src/longan/brandy/brandy-2.0/spl-pub/board/h618/libsun50iw9p1_sboot.a
                0x000000000002cc70                axp858_set_sys_voltage

.text.axp858_axp_init
                0x000000000002cc80       0x80
 .text.axp858_axp_init
                0x000000000002cc80       0x80 /home/test/H618-Android12-Src/longan/brandy/brandy-2.0/spl-pub/board/h618/libsun50iw9p1_sboot.a
                0x000000000002cc80                axp858_axp_init

.text.get_ctrl_info_from_tbl
                0x000000000002cd00       0x38
 .text.get_ctrl_info_from_tbl
                0x000000000002cd00       0x38 /home/test/H618-Android12-Src/longan/brandy/brandy-2.0/spl-pub/board/h618/libsun50iw9p1_sboot.a

.text.axp1530_set_ddr_voltage
                0x000000000002cd38       0xd8
 .text.axp1530_set_ddr_voltage
                0x000000000002cd38       0xd8 /home/test/H618-Android12-Src/longan/brandy/brandy-2.0/spl-pub/board/h618/libsun50iw9p1_sboot.a
                0x000000000002cd38                axp1530_set_ddr_voltage

.text.axp1530_set_pll_voltage
                0x000000000002ce10       0x10
 .text.axp1530_set_pll_voltage
                0x000000000002ce10       0x10 /home/test/H618-Android12-Src/longan/brandy/brandy-2.0/spl-pub/board/h618/libsun50iw9p1_sboot.a
                0x000000000002ce10                axp1530_set_pll_voltage

.text.axp1530_set_sys_voltage
                0x000000000002ce20       0x10
 .text.axp1530_set_sys_voltage
                0x000000000002ce20       0x10 /home/test/H618-Android12-Src/longan/brandy/brandy-2.0/spl-pub/board/h618/libsun50iw9p1_sboot.a
                0x000000000002ce20                axp1530_set_sys_voltage

.text.axp1530_axp_init
                0x000000000002ce30       0xac
 .text.axp1530_axp_init
                0x000000000002ce30       0xac /home/test/H618-Android12-Src/longan/brandy/brandy-2.0/spl-pub/board/h618/libsun50iw9p1_sboot.a
                0x000000000002ce30                axp1530_axp_init

.text.axp806_set_ddr_voltage
                0x000000000002cedc       0x10
 .text.axp806_set_ddr_voltage
                0x000000000002cedc       0x10 /home/test/H618-Android12-Src/longan/brandy/brandy-2.0/spl-pub/board/h618/libsun50iw9p1_sboot.a
                0x000000000002cedc                axp806_set_ddr_voltage

.text.axp806_set_pll_voltage
                0x000000000002ceec       0x10
 .text.axp806_set_pll_voltage
                0x000000000002ceec       0x10 /home/test/H618-Android12-Src/longan/brandy/brandy-2.0/spl-pub/board/h618/libsun50iw9p1_sboot.a
                0x000000000002ceec                axp806_set_pll_voltage

.text.axp806_set_sys_voltage
                0x000000000002cefc       0x10
 .text.axp806_set_sys_voltage
                0x000000000002cefc       0x10 /home/test/H618-Android12-Src/longan/brandy/brandy-2.0/spl-pub/board/h618/libsun50iw9p1_sboot.a
                0x000000000002cefc                axp806_set_sys_voltage

.text.axp806_axp_init
                0x000000000002cf0c       0xc8
 .text.axp806_axp_init
                0x000000000002cf0c       0xc8 /home/test/H618-Android12-Src/longan/brandy/brandy-2.0/spl-pub/board/h618/libsun50iw9p1_sboot.a
                0x000000000002cf0c                axp806_axp_init

.text.__aw_endian4
                0x000000000002cfd4        0x4
 .text.__aw_endian4
                0x000000000002cfd4        0x4 /home/test/H618-Android12-Src/longan/brandy/brandy-2.0/spl-pub/board/h618/libsun50iw9p1_sboot.a

.text.__rsa_padding
                0x000000000002cfd8       0x2a
 .text.__rsa_padding
                0x000000000002cfd8       0x2a /home/test/H618-Android12-Src/longan/brandy/brandy-2.0/spl-pub/board/h618/libsun50iw9p1_sboot.a

.text.sunxi_ce_open
                0x000000000002d004       0x34
 .text.sunxi_ce_open
                0x000000000002d004       0x34 /home/test/H618-Android12-Src/longan/brandy/brandy-2.0/spl-pub/board/h618/libsun50iw9p1_sboot.a
                0x000000000002d004                sunxi_ce_open

.text.ss_get_ver
                0x000000000002d038       0x10
 .text.ss_get_ver